reset_timestep  0
dump            2 all custom 1000 ${base}.${fstep}.lammpstrj id type element x y z
dump            2 all custom 1000 BT.h.00.00.${fstep}.lammpstrj id type element x y z
dump            2 all custom 1000 BT.h.00.00.00000.lammpstrj id type element x y z
dump_modify     2 element ${elem} sort id
dump_modify     2 element Ca C H H O O O O Si sort id
fix             1 all npt temp 330 330 $(dt * 100) aniso 1.01325 1.01325 $(dt * 1000)
fix             1 all npt temp 330 330 0.050000000000000002776 aniso 1.01325 1.01325 $(dt * 1000)
fix             1 all npt temp 330 330 0.050000000000000002776 aniso 1.01325 1.01325 0.5
Resetting global fix info from restart file:
  fix style: npt, fix ID: 1
fix             2 layer recenter INIT INIT INIT
variable        i loop 4
label           loop
run             2000

CITE-CITE-CITE-CITE-CITE-CITE-CITE-CITE-CITE-CITE-CITE-CITE-CITE

Your simulation uses code contributions which should be cited:

- USER-DEEPMD package:

@article{Wang_ComputPhysCommun_2018_v228_p178,
  author = {Wang, Han and Zhang, Linfeng and Han, Jiequn and E, Weinan},
  doi = {10.1016/j.cpc.2018.03.016},
  url = {https://doi.org/10.1016/j.cpc.2018.03.016},
  year = 2018,
  month = {jul},
  publisher = {Elsevier {BV}},
  volume = 228,
  journal = {Comput. Phys. Commun.},
  title = {{DeePMD-kit: A deep learning package for many-body potential energy representation and molecular dynamics}},
  pages = {178--184}
}
@misc{Zeng_JChemPhys_2023_v159_p054801,
  title  = {{DeePMD-kit v2: A software package for deep potential models}},
  author =   {Jinzhe Zeng and Duo Zhang and Denghui Lu and Pinghui Mo and Zeyu Li
         and Yixiao Chen and Mari{\'a}n Rynik and Li'ang Huang and Ziyao Li and 
         Shaochen Shi and Yingze Wang and Haotian Ye and Ping Tuo and Jiabin
         Yang and Ye Ding and Yifan Li and Davide Tisi and Qiyu Zeng and Han 
         Bao and Yu Xia and Jiameng Huang and Koki Muraoka and Yibo Wang and 
         Junhan Chang and Fengbo Yuan and Sigbj{\o}rn L{\o}land Bore and Chun
         Cai and Yinnian Lin and Bo Wang and Jiayan Xu and Jia-Xin Zhu and 
         Chenxing Luo and Yuzhi Zhang and Rhys E A Goodall and Wenshuo Liang
         and Anurag Kumar Singh and Sikai Yao and Jingchao Zhang and Renata
         Wentzcovitch and Jiequn Han and Jie Liu and Weile Jia and Darrin M
         York and Weinan E and Roberto Car and Linfeng Zhang and Han Wang},
  journal =  {J. Chem. Phys.},
  volume =   159,
  issue =    5,  
  year =    2023,
  pages  =   054801,
  doi =      {10.1063/5.0155600},
}

CITE-CITE-CITE-CITE-CITE-CITE-CITE-CITE-CITE-CITE-CITE-CITE-CITE

Generated 0 of 36 mixed pair_coeff terms from geometric mixing rule
All restart file global fix info was re-assigned
Neighbor list info ...
  update: every = 1 steps, delay = 0 steps, check = yes
  max neighbors/atom: 2000, page size: 100000
  master list distance cutoff = 9
  ghost atom cutoff = 9
  binsize = 4.5, bins = 7 5 13
  1 neighbor lists, perpetual/occasional/extra = 1 0 0
  (1) pair deepmd, perpetual
      attributes: full, newton on
      pair build: full/bin/atomonly
      stencil: full/bin/3d
      bin: standard
Per MPI rank memory allocation (min/avg/max) = 15.02 | 15.02 | 15.02 Mbytes
   Step         TotEng          Temp          Press          Volume        Density    
         0  -10917.877      319.46202     -3032.4662      22043.004      1.5222801    
      1000  -10913.484      331.48337     -572.87173      21423.775      1.5662797    
      2000  -10923.338      320.88098      366.6433       21421.227      1.566466     
Loop time of 33.0503 on 12 procs for 2000 steps with 2008 atoms

Performance: 2.614 ns/day, 9.181 hours/ns, 60.514 timesteps/s, 121.512 katom-step/s
97.0% CPU use with 1 MPI tasks x 12 OpenMP threads

MPI task timing breakdown:
Section |  min time  |  avg time  |  max time  |%varavg| %total
---------------------------------------------------------------
Pair    | 32.406     | 32.406     | 32.406     |   0.0 | 98.05
Neigh   | 0.45672    | 0.45672    | 0.45672    |   0.0 |  1.38
Comm    | 0.04906    | 0.04906    | 0.04906    |   0.0 |  0.15
Output  | 0.0027518  | 0.0027518  | 0.0027518  |   0.0 |  0.01
Modify  | 0.11652    | 0.11652    | 0.11652    |   0.0 |  0.35
Other   |            | 0.01891    |            |       |  0.06

Nlocal:           2008 ave        2008 max        2008 min
Histogram: 1 0 0 0 0 0 0 0 0 0
Nghost:           8131 ave        8131 max        8131 min
Histogram: 1 0 0 0 0 0 0 0 0 0
Neighs:              0 ave           0 max           0 min
Histogram: 1 0 0 0 0 0 0 0 0 0
FullNghs:       574594 ave      574594 max      574594 min
Histogram: 1 0 0 0 0 0 0 0 0 0

Total # of neighbors = 574594
Ave neighs/atom = 286.15239
Neighbor list builds = 47
Dangerous builds = 0
write_restart   rst.*
System init for write_restart ...
Generated 0 of 36 mixed pair_coeff terms from geometric mixing rule
write_data      ${base}.data.*
write_data      BT.h.00.00.data.*
System init for write_data ...
Generated 0 of 36 mixed pair_coeff terms from geometric mixing rule
next i
jump            SELF loop
run             2000
Generated 0 of 36 mixed pair_coeff terms from geometric mixing rule
Per MPI rank memory allocation (min/avg/max) = 16.48 | 16.48 | 16.48 Mbytes
   Step         TotEng          Temp          Press          Volume        Density    
      2000  -10923.338      320.88098      366.6433       21421.227      1.566466     
      3000  -10916.175      337.26249      1591.4447      21549.805      1.5571197    
      4000  -10920.129      331.68159     -912.35385      21549.472      1.5571437    
Loop time of 32.8944 on 12 procs for 2000 steps with 2008 atoms

Performance: 2.627 ns/day, 9.137 hours/ns, 60.801 timesteps/s, 122.088 katom-step/s
96.9% CPU use with 1 MPI tasks x 12 OpenMP threads

MPI task timing breakdown:
Section |  min time  |  avg time  |  max time  |%varavg| %total
---------------------------------------------------------------
Pair    | 32.233     | 32.233     | 32.233     |   0.0 | 97.99
Neigh   | 0.48119    | 0.48119    | 0.48119    |   0.0 |  1.46
Comm    | 0.047256   | 0.047256   | 0.047256   |   0.0 |  0.14
Output  | 0.0024051  | 0.0024051  | 0.0024051  |   0.0 |  0.01
Modify  | 0.11214    | 0.11214    | 0.11214    |   0.0 |  0.34
Other   |            | 0.01809    |            |       |  0.06

Nlocal:           2008 ave        2008 max        2008 min
Histogram: 1 0 0 0 0 0 0 0 0 0
Nghost:           8104 ave        8104 max        8104 min
Histogram: 1 0 0 0 0 0 0 0 0 0
Neighs:              0 ave           0 max           0 min
Histogram: 1 0 0 0 0 0 0 0 0 0
FullNghs:       570272 ave      570272 max      570272 min
Histogram: 1 0 0 0 0 0 0 0 0 0

Total # of neighbors = 570272
Ave neighs/atom = 284
Neighbor list builds = 49
Dangerous builds = 0
