05/21 12:10 [DEBUG] cshmd.common (get_logger)                                    : $$$$$$$$$$$$$$  Logger 'cshmd.common........' initialized  $$$$$$$$$$$$$$
05/21 12:10 [DEBUG] cshmd.functions (get_logger)                                 : $$$$$$$$$$$$$$  Logger 'cshmd.functions.....' initialized  $$$$$$$$$$$$$$
05/21 12:10 [DEBUG] cshmd.load (get_logger)                                      : $$$$$$$$$$$$$$  Logger 'cshmd.load..........' initialized  $$$$$$$$$$$$$$
05/21 12:10 [DEBUG] cshmd.analysis (get_logger)                                  : $$$$$$$$$$$$$$  Logger 'cshmd.analysis......' initialized  $$$$$$$$$$$$$$
05/21 12:10 [DEBUG] cshmd.equation (get_logger)                                  : $$$$$$$$$$$$$$  Logger 'cshmd.equation......' initialized  $$$$$$$$$$$$$$
05/21 12:10 [DEBUG] cshmd.structure (get_logger)                                 : $$$$$$$$$$$$$$  Logger 'cshmd.structure.....' initialized  $$$$$$$$$$$$$$
05/21 12:10 [DEBUG] cshmd.builder (get_logger)                                   : $$$$$$$$$$$$$$  Logger 'cshmd.builder.......' initialized  $$$$$$$$$$$$$$
05/21 12:10 [DEBUG] cshmd.trj_analysis (get_logger)                              : $$$$$$$$$$$$$$  Logger 'cshmd.trj_analysis..' initialized  $$$$$$$$$$$$$$
05/21 12:10 [DEBUG] csh_info (get_logger)                                        : $$$$$$$$$$$$$$  Logger 'csh_info............' initialized  $$$$$$$$$$$$$$
05/21 12:10 [INFO] csh_info (main)                                               : Cif: L030_w2750_c20.cif
05/21 12:10 [INFO] cshmd.structure (__init__)                                    : L030_w2750_c20.cif was loaded
05/21 12:10 [DEBUG] cshmd.analysis (__init__)                                    : [Structure] Now new data setted for get Bonds
05/21 12:10 [DEBUG] cshmd.analysis (__del_bond__)                                : del -> Si_O O_H H_O Ca_O C_O BO NBO
05/21 12:10 [DEBUG] cshmd.analysis (__initialize_mole__)                         : initalize -> H2O SiO4 OH CO3 H3O
05/21 12:10 [DEBUG] cshmd.analysis (__initialize_mole__)                         : initalize -> SiOH CaOH HCO3 H2CO3 H3CO3
05/21 12:10 [DEBUG] cshmd.analysis (__init__)                                    : C-S-H Model not setted
05/21 12:10 [DEBUG] cshmd.analysis (find_bond)                                   : find_bond O - H rcut -> 1.2
05/21 12:10 [DEBUG] cshmd.common (time_wrapper)                                  : [RUNTIME] get_distance_table in 6.432 seconds
05/21 12:10 [DEBUG] cshmd.analysis (get_mole)                                    : get_mole O - H -> nbonds: 2
05/21 12:10 [DEBUG] cshmd.analysis (find_bond)                                   : find_bond Si - O rcut -> 2.3
05/21 12:10 [DEBUG] cshmd.common (time_wrapper)                                  : [RUNTIME] get_distance_table in 0.544 seconds
05/21 12:10 [DEBUG] cshmd.analysis (get_mole)                                    : get_mole Si - O -> nbonds: 4
05/21 12:10 [DEBUG] cshmd.analysis (get_mole)                                    : get_mole O - H -> nbonds: 1
05/21 12:10 [DEBUG] cshmd.analysis (find_bond)                                   : find_bond C - O rcut -> 1.6
05/21 12:10 [DEBUG] cshmd.common (time_wrapper)                                  : [RUNTIME] get_distance_table in 0.058 seconds
05/21 12:10 [DEBUG] cshmd.analysis (get_mole)                                    : get_mole C - O -> nbonds: 3
05/21 12:10 [DEBUG] cshmd.analysis (get_mole)                                    : get_mole O - H -> nbonds: 3
05/21 12:10 [DEBUG] cshmd.analysis (find_bond)                                   : find_bond Ca - O rcut -> 3.0
05/21 12:10 [DEBUG] cshmd.common (time_wrapper)                                  : [RUNTIME] get_distance_table in 0.790 seconds
05/21 12:10 [DEBUG] cshmd.analysis (search_basic)                                : Basic search result -> H2O: 3253, SiO4: 576, OH: 192, CO3: 60, H3O: 1, Ca_O: 4399
05/21 12:10 [DEBUG] cshmd.analysis (full_search)                                 : Search layer details
05/21 12:10 [DEBUG] cshmd.analysis (set_layer_boundary)                          : Set layer boundary -> 0.14244161159999977 - 0.4356618873499993
05/21 12:10 [DEBUG] cshmd.analysis (find_bond)                                   : find_bond Ca - O rcut -> 2.6
05/21 12:10 [DEBUG] cshmd.analysis (__detail_search_oh_co3)                      : Searching 'OH' in 'CO3'
05/21 12:10 [DEBUG] cshmd.analysis (__detail_search_oh_sioh)                     : Searching 'OH' in 'SiO4
05/21 12:10 [DEBUG] cshmd.analysis (__detail_search_oh_caoh)                     : Searching 'OH' in 'CaOH
05/21 12:10 [DEBUG] cshmd.analysis (find_bond)                                   : find_bond Ca - O rcut -> 3.1
05/21 12:10 [DEBUG] cshmd.analysis (find_bond)                                   : find_bond Ca - O rcut -> 5.2
05/21 12:10 [INFO] cshmd.structure (out2info)                                    : 'L030_w2750_c20.tmp.pkl' was created
