units real
atom_style full
box tilt large
read_data w.bt.03.h.data
Reading data file ...
  triclinic box = (0.0000000 0.0000000 0.0000000) to (20.205600 18.628755 58.432518) with tilt (-12.213593 0.0000000 0.0000000)
WARNING: Triclinic box skew is large (../domain.cpp:219)
  1 by 1 by 5 MPI processor grid
  reading atoms ...
  1992 atoms
  scanning bonds ...
  2 = max bonds/atom
  scanning angles ...
  1 = max angles/atom
  reading bonds ...
  1016 bonds
  reading angles ...
  535 angles
Finding 1-2 1-3 1-4 neighbors ...
  special bond factors lj:    0        0        0       
  special bond factors coul:  0        0        0       
     2 = max # of 1-2 neighbors
     1 = max # of 1-3 neighbors
     1 = max # of 1-4 neighbors
     2 = max # of special neighbors
  special bonds CPU = 0.016 seconds
  read_data CPU = 0.047 seconds
include w.bt.03.h_coeff.in
pair_style hybrid/overlay coul/long 12 lj/cut/coul/long 12 lj/mdf 12 15
pair_coeff    2    6 coul/long  # cah-o*
pair_coeff    6    6 coul/long  # o*-o*
pair_coeff    1    1 lj/cut/coul/long 1.840500e-06 3.302000e+00  # st-st
pair_coeff    1    2 lj/cut/coul/long 3.042589e-06 4.434350e+00  # st-cah
pair_coeff    1    3 lj/cut/coul/long 5.348025e-04 3.233750e+00  # st-ob
pair_coeff    1    4 lj/cut/coul/long 5.348025e-04 3.233750e+00  # st-oh
pair_coeff    1    5 lj/cut/coul/long 0.000000e+00 2.151000e+00  # st-ho
pair_coeff    1    6 lj/cut/coul/long 5.348025e-04 3.233750e+00  # st-o*
pair_coeff    1    7 lj/cut/coul/long 0.000000e+00 2.151000e+00  # st-h*
pair_coeff    2    2 lj/cut/coul/long 5.029800e-06 5.566700e+00  # cah-cah
pair_coeff    2    3 lj/cut/coul/long 8.840989e-04 4.366100e+00  # cah-ob
pair_coeff    2    4 lj/cut/coul/long 8.840989e-04 4.366100e+00  # cah-oh
pair_coeff    2    5 lj/cut/coul/long 0.000000e+00 3.283350e+00  # cah-ho
pair_coeff    2    7 lj/cut/coul/long 0.000000e+00 3.283350e+00  # cah-h*
pair_coeff    3    3 lj/cut/coul/long 1.554000e-01 3.165500e+00  # ob-ob
pair_coeff    3    4 lj/cut/coul/long 1.554000e-01 3.165500e+00  # ob-oh
pair_coeff    3    5 lj/cut/coul/long 0.000000e+00 2.082750e+00  # ob-ho
pair_coeff    3    6 lj/cut/coul/long 1.554000e-01 3.165500e+00  # ob-o*
pair_coeff    3    7 lj/cut/coul/long 0.000000e+00 2.082750e+00  # ob-h*
pair_coeff    4    4 lj/cut/coul/long 1.554000e-01 3.165500e+00  # oh-oh
pair_coeff    4    5 lj/cut/coul/long 0.000000e+00 2.082750e+00  # oh-ho
pair_coeff    4    6 lj/cut/coul/long 1.554000e-01 3.165500e+00  # oh-o*
pair_coeff    4    7 lj/cut/coul/long 0.000000e+00 2.082750e+00  # oh-h*
pair_coeff    5    5 lj/cut/coul/long 0.000000e+00 1.000000e+00  # ho-ho
pair_coeff    5    6 lj/cut/coul/long 0.000000e+00 2.082750e+00  # ho-o*
pair_coeff    5    7 lj/cut/coul/long 0.000000e+00 1.000000e+00  # ho-h*
pair_coeff    6    7 lj/cut/coul/long 0.000000e+00 2.082750e+00  # o*-h*
pair_coeff    7    7 lj/cut/coul/long 0.000000e+00 1.000000e+00  # h*-h*
pair_coeff    2    6 lj/mdf 2.190752e-02 3.350000e+00  # cah-o*
pair_coeff    6    6 lj/mdf 1.554281e-01 3.165492e+00  # o*-o*
kspace_style ewald 1e-5

bond_style harmonic
bond_coeff    1 5.541349e+02   1.000000  # oh-ho
bond_coeff    2 5.541349e+02   1.000000  # o*-h*

angle_style harmonic
angle_coeff    1 1.500000e+01 100.000000  # st-oh-ho
angle_coeff    2 4.576960e+01 109.470000  # h*-o*-h*

replicate 1 1 1
Replicating atoms ...
  triclinic box = (0.0000000 0.0000000 0.0000000) to (20.205600 18.628755 58.432518) with tilt (-12.213593 0.0000000 0.0000000)
WARNING: Triclinic box skew is large (../domain.cpp:219)
  1 by 1 by 5 MPI processor grid
  1992 atoms
  1016 bonds
  535 angles
Finding 1-2 1-3 1-4 neighbors ...
  special bond factors lj:    0        0        0       
  special bond factors coul:  0        0        0       
     2 = max # of 1-2 neighbors
     1 = max # of 1-3 neighbors
     1 = max # of 1-4 neighbors
     2 = max # of special neighbors
  special bonds CPU = 0.001 seconds
  replicate CPU = 0.004 seconds
# neigh_modify every 1 delay 0 check yes  #n every 1 delay 10
group             solution type 6 7
1443 atoms in group solution
dump              1 all custom 1000 w.bt.03.h.lammpstrj id type element x y z
dump_modify       1 element Si Ca O O H O H sort id
# fix               s all shake 0.0001 10 0 b 1 2 a 1 2

variable          T equal 100
velocity          all create ${T} 777
velocity          all create 100 777
thermo            1000
thermo_style      custom step temp etotal pe press vol                  cella cellb cellc cellalpha cellbeta cellgamma density

# equilibrium run  with short time step
minimize          1e-4 1e-6 30 1000
WARNING: Using 'neigh_modify every 1 delay 0 check yes' setting during minimization (../min.cpp:188)
Ewald initialization ...
  using 12-bit tables for long-range coulomb (../kspace.cpp:340)
  G vector (1/distance) = 0.25563668
  estimated absolute RMS force accuracy = 0.0036747934
  estimated relative force accuracy = 1.1066531e-05
  KSpace vectors: actual max1d max3d = 1149 14 12194
                  kxmax kymax kzmax  = 6 8 14
Hybrid pair style last /omp style lj/cut/coul/long
Last active /omp style is kspace_style ewald/omp
Neighbor list info ...
  update every 1 steps, delay 0 steps, check yes
  max neighbors/atom: 2000, page size: 100000
  master list distance cutoff = 17
  ghost atom cutoff = 17
  binsize = 8.5, bins = 4 3 7
  4 neighbor lists, perpetual/occasional/extra = 4 0 0
  (1) pair coul/long, perpetual, skip from (4)
      attributes: half, newton on, omp
      pair build: skip/omp
      stencil: none
      bin: none
  (2) pair lj/cut/coul/long, perpetual, skip from (4)
      attributes: half, newton on, omp
      pair build: skip/omp
      stencil: none
      bin: none
  (3) pair lj/mdf, perpetual, copy from (1)
      attributes: half, newton on, omp
      pair build: copy
      stencil: none
      bin: none
  (4) neighbor class addition, perpetual
      attributes: half, newton on, omp
      pair build: half/bin/newton/tri/omp
      stencil: half/bin/3d/tri
      bin: standard
Per MPI rank memory allocation (min/avg/max) = 35.72 | 36.25 | 37.02 Mbytes
Step Temp TotEng PotEng Press Volume Cella Cellb Cellc CellAlpha CellBeta CellGamma Density 
       0          100   -79227.321     -79820.8    422413.09    21994.302      20.2056      22.2756    58.432518           90           90     123.2501    1.4965808 
      30          100   -118560.25   -119153.73    2074.8561    21994.302      20.2056      22.2756    58.432518           90           90     123.2501    1.4965808 
Loop time of 0.734135 on 5 procs for 30 steps with 1992 atoms

89.9% CPU use with 5 MPI tasks x 1 OpenMP threads

Minimization stats:
  Stopping criterion = max iterations
  Energy initial, next-to-last, final = 
     -79820.7999446212  -119049.983525981  -119153.729780287
  Force two-norm initial, final = 119930.23 416.24405
  Force max component initial, final = 23164.690 46.852878
  Final line search alpha, max atom move = 0.0014807249 0.069376221
  Iterations, force evaluations = 30 45

MPI task timing breakdown:
Section |  min time  |  avg time  |  max time  |%varavg| %total
---------------------------------------------------------------
Pair    | 0.15369    | 0.2851     | 0.47691    |  23.8 | 38.83
Bond    | 0.00024284 | 0.00064678 | 0.0011616  |   0.0 |  0.09
Kspace  | 0.22471    | 0.35384    | 0.43249    |  14.2 | 48.20
Neigh   | 0.019066   | 0.0191     | 0.01913    |   0.0 |  2.60
Comm    | 0.010572   | 0.073061   | 0.12757    |  16.1 |  9.95
Output  | 3.7523e-05 | 4.0247e-05 | 4.9426e-05 |   0.0 |  0.01
Modify  | 0.0003933  | 0.00051553 | 0.00063601 |   0.0 |  0.07
Other   |            | 0.001836   |            |       |  0.25

Nlocal:        398.400 ave         452 max         324 min
Histogram: 1 0 0 0 0 2 0 0 1 1
Nghost:        12729.0 ave       13442 max       11931 min
Histogram: 2 0 0 0 0 0 0 1 1 1
Neighs:         0.00000 ave           0 max           0 min
Histogram: 5 0 0 0 0 0 0 0 0 0

Total # of neighbors = 0
Ave neighs/atom = 0.0000000
Ave special neighs/atom = 1.5030120
Neighbor list builds = 1
Dangerous builds = 0
timestep          0.01
fix               solution all npt temp  ${T} 300  1 aniso 1 1 10
fix               solution all npt temp  100 300  1 aniso 1 1 10
fix               c all recenter INIT INIT INIT
run               100000
Ewald initialization ...
  using 12-bit tables for long-range coulomb (../kspace.cpp:340)
  G vector (1/distance) = 0.25563668
  estimated absolute RMS force accuracy = 0.0036747934
  estimated relative force accuracy = 1.1066531e-05
  KSpace vectors: actual max1d max3d = 1149 14 12194
                  kxmax kymax kzmax  = 6 8 14
Hybrid pair style last /omp style lj/cut/coul/long
Last active /omp style is kspace_style ewald/omp
Per MPI rank memory allocation (min/avg/max) = 34.61 | 35.17 | 36.02 Mbytes
Step Temp TotEng PotEng Press Volume Cella Cellb Cellc CellAlpha CellBeta CellGamma Density 
      30          100   -118560.25   -119153.73    2074.8561    21994.302      20.2056      22.2756    58.432518           90           90     123.2501    1.4965808 
    1000    105.03735   -118638.97   -119262.35    22.453955    22217.651    20.314712     21.87843    59.774629           90           90     123.2501     1.481536 
    2000    99.994139    -118828.9   -119422.35    38.449477    22562.232    20.408496    21.771232    60.720261           90           90     123.2501    1.4589093 
    3000    106.58883   -118996.15   -119628.73    65.236004    22583.414    20.434651    21.789964    60.647297           90           90     123.2501    1.4575409 
    4000    113.37921   -119068.67   -119741.56     70.78684    22415.872      20.4357    21.762175     60.27114           90           90     123.2501    1.4684349 
    5000    109.52198   -119221.95   -119871.94    108.05198    22364.718    20.357508    21.787716    60.293803           90           90     123.2501    1.4717936 
    6000     111.4221   -119328.91   -119990.17   -6.6315899      22408.1    20.309593    21.839272    60.410336           90           90     123.2501    1.4689442 
    7000    116.82385    -119395.2   -120088.53    67.142176    22336.437    20.220625     21.95883    60.152782           90           90     123.2501    1.4736571 
    8000    118.10073   -119457.68   -120158.59    63.283304     22206.21    20.252851     21.93176    59.780616           90           90     123.2501    1.4822993 
    9000    116.71854   -119555.35   -120248.05    188.22742    22202.164    20.347459    21.923692    59.513708           90           90     123.2501    1.4825694 
   10000    124.20934   -119566.11   -120303.26    128.19979    22311.008    20.409722    21.918827    59.636259           90           90     123.2501    1.4753367 
   11000    119.95333   -119678.12   -120390.02    45.510605    22352.484    20.386329    21.928084    59.790429           90           90     123.2501    1.4725992 
   12000    125.46636   -119696.16   -120440.78    21.804555    22326.887    20.380442    21.948142    59.684614           90           90     123.2501    1.4742874 
   13000    122.05404   -119748.64      -120473    98.796878    22356.876    20.432541    21.981996    59.520584           90           90     123.2501    1.4723099 
   14000    123.94891   -119770.54   -120506.15    53.927219    22443.439    20.450558    21.980712     59.70189           90           90     123.2501    1.4666312 
   15000    132.35609   -119728.24   -120513.74   -87.505786    22509.421    20.473189    21.954907    59.881522           90           90     123.2501    1.4623321 
   16000    129.88846   -119795.33   -120566.19   -207.04835    22521.047    20.483029    22.001203    59.757656           90           90     123.2501    1.4615772 
   17000    131.71573   -119822.38   -120604.09   -41.809687    22495.414    20.572307    21.977364    59.495068           90           90     123.2501    1.4632427 
   18000    136.14146   -119810.83    -120618.8   -57.463418    22474.698    20.602351    21.927113    59.489621           90           90     123.2501    1.4645914 
   19000    137.04877    -119811.7   -120625.05   -181.13754    22465.765    20.626755    21.885744    59.507894           90           90     123.2501    1.4651737 
   20000    139.63845   -119822.93   -120651.65    43.671089    22470.982     20.58578     21.98122    59.381139           90           90     123.2501    1.4648336 
   21000    143.35672   -119819.31    -120670.1    87.456264    22424.259    20.592428    21.974258    59.257309           90           90     123.2501    1.4678857 
   22000    141.81095   -119858.19   -120699.81    116.07374    22351.218    20.605454    21.909675    59.200945           90           90     123.2501    1.4726826 
   23000    145.51432    -119832.3    -120695.9    175.22082    22382.669     20.62105    21.927549    59.191125           90           90     123.2501    1.4706132 
   24000     153.3628   -119805.22    -120715.4    13.474754     22465.07     20.62667    21.940908    59.356686           90           90     123.2501    1.4652191 
   25000    148.03626   -119825.83    -120704.4   -68.569748    22460.876    20.620428     21.96425    59.300485           90           90     123.2501    1.4654927 
   26000    157.40641   -119766.23   -120700.41   -106.36192    22392.436    20.644041    21.971403    59.032942           90           90     123.2501    1.4699718 
   27000    151.65492   -119803.47   -120703.51   -181.32613    22358.348    20.646886    21.939679    59.020173           90           90     123.2501    1.4722129 
   28000    157.24755   -119781.14   -120714.37   -164.47667    22285.303    20.655419    21.954598    58.763091           90           90     123.2501    1.4770384 
   29000    155.68674   -119788.07   -120712.04   -102.11094    22202.854    20.613797    21.952903    58.668427           90           90     123.2501    1.4825234 
   30000    159.76427   -119780.64    -120728.8    31.030239    22181.239    20.596747    21.944265    58.682921           90           90     123.2501     1.483968 
   31000    164.05118   -119767.15   -120740.76    131.51826     22221.44    20.604677     21.94457    58.765833           90           90     123.2501    1.4812834 
   32000    161.65859    -119777.3   -120736.71    264.43361    22171.767    20.640142    21.940457    58.544695           90           90     123.2501     1.484602 
   33000    166.20473   -119774.54   -120760.93    149.24358    22072.251    20.576536    21.941896    58.458248           90           90     123.2501    1.4912955 
   34000     169.8346   -119750.76   -120758.69    8.1189176    22064.664    20.565595    21.954908    58.434591           90           90     123.2501    1.4918083 
   35000    170.14797   -119695.97   -120705.76   -147.23839    22115.447    20.605843     21.99504    58.348026           90           90     123.2501    1.4883827 
   36000     175.1159   -119669.06   -120708.34   -190.33844    22153.956    20.662878    21.999501    58.276472           90           90     123.2501    1.4857955 
   37000    173.58203    -119676.1   -120706.27   -134.25821    22132.544    20.636038    22.050946    58.159861           90           90     123.2501     1.487233 
   38000    177.19505   -119623.72   -120675.34   -159.33349    22101.125    20.587994    22.045738    58.226581           90           90     123.2501    1.4893472 
   39000    181.20883   -119574.47   -120649.91    38.168069    22067.843    20.523864    22.042384    58.329437           90           90     123.2501    1.4915934 
   40000    175.28162   -119626.42   -120666.68    116.13651    22005.121    20.469739    22.034882    58.337298           90           90     123.2501    1.4958449 
   41000    183.76106   -119582.79   -120673.37    286.42501    21940.582    20.484114    22.072779    58.025586           90           90     123.2501     1.500245 
   42000    184.12877   -119545.69   -120638.46    167.90226    21962.534    20.542529    22.107187    57.828328           90           90     123.2501    1.4987455 
   43000    182.90984   -119530.57    -120616.1    100.72097    22015.421    20.580145    22.072186    57.953385           90           90     123.2501    1.4951451 
   44000    190.57868   -119455.67   -120586.72   -19.360441    22024.635    20.584316    22.047076    58.031911           90           90     123.2501    1.4945196 
   45000    184.32701    -119471.1   -120565.04   -101.79346    22007.052    20.592502    22.061883    57.923627           90           90     123.2501    1.4957137 
   46000    192.04974   -119365.06   -120504.84   -197.95425    22036.194    20.613576    22.118754    57.792061           90           90     123.2501    1.4937357 
   47000    199.13428   -119309.39   -120491.21   -205.49778    22071.652    20.659962    22.120369    57.750871           90           90     123.2501     1.491336 
   48000    198.49597   -119301.49   -120479.53   -70.786315    22117.842    20.662614    22.127954    57.844466           90           90     123.2501    1.4882215 
   49000    200.20716   -119280.74   -120468.92   -114.55203    22152.845     20.65477    22.135401    57.938512           90           90     123.2501    1.4858701 
   50000    198.48995    -119273.2   -120451.19   -21.890262    22112.943    20.598252    22.100202    58.085202           90           90     123.2501    1.4885513 
   51000    201.64802   -119253.85   -120450.59    103.04545    22029.145    20.560864    22.094287    57.985828           90           90     123.2501    1.4942136 
   52000    202.67825   -119272.63   -120475.48    138.08132    21998.618    20.574638    22.057689    57.962722           90           90     123.2501    1.4962871 
   53000     203.3099   -119289.56   -120496.16    310.62851    22042.358    20.601443    22.164138    57.723831           90           90     123.2501     1.493318 
   54000    214.22451   -119218.56   -120489.93    161.32722    22075.191    20.628922    22.176205    57.701394           90           90     123.2501    1.4910969 
   55000    213.13214   -119197.57   -120462.46    138.03866    22055.887    20.639568    22.131487    57.737623           90           90     123.2501     1.492402 
   56000    216.49868   -119204.44   -120489.32      55.7231    21994.189    20.633383    22.081803    57.722958           90           90     123.2501    1.4965884 
   57000    216.79599   -119175.93   -120462.57   -40.996257    21989.378    20.649619    22.099416    57.618995           90           90     123.2501    1.4969159 
   58000    218.75115   -119136.85   -120435.09   -170.45208    22030.529    20.664939     22.13297    57.596579           90           90     123.2501    1.4941198 
   59000    214.72501   -119164.01   -120438.35   -357.84776    22085.555    20.693899    22.134379    57.655961           90           90     123.2501    1.4903972 
   60000    222.61416   -119095.21   -120416.38    -205.9701    22089.071    20.687902    22.180793    57.561159           90           90     123.2501      1.49016 
   61000    213.15325   -119151.47   -120416.49   -123.39906    21995.943    20.653355    22.131714    57.541677           90           90     123.2501    1.4964691 
   62000    225.94052   -119063.91   -120404.82   -100.58184    21958.049    20.593134    22.089745     57.71998           90           90     123.2501    1.4990516 
   63000    231.59687   -118990.94   -120365.42   -25.426011    21982.583    20.563959    22.063979    57.934028           90           90     123.2501    1.4973786 
   64000    222.46027   -119050.74   -120370.99     203.1283     22024.52    20.532354    22.137694    57.940326           90           90     123.2501    1.4945274 
   65000     225.3639   -119014.24   -120351.73    190.36899    22050.429    20.588789    22.077562    58.007039           90           90     123.2501    1.4927713 
   66000     238.3904   -118927.16   -120341.96     239.5941    22076.638    20.658131    22.107687    57.802176           90           90     123.2501    1.4909992 
   67000    230.84061   -118968.78   -120338.77    305.73968    22058.502    20.676627    22.114813    57.684434           90           90     123.2501    1.4922251 
   68000    235.00482   -118932.69    -120327.4    299.17451    22027.661    20.681375    22.054949    57.746879           90           90     123.2501    1.4943143 
   69000    238.22187   -118843.23   -120257.03    133.46441    22043.269     20.65436    22.070801    57.821817           90           90     123.2501    1.4932562 
   70000    238.92586   -118877.05   -120295.03    29.413181    22057.086     20.64039    22.144837    57.703658           90           90     123.2501    1.4923208 
   71000     244.1241    -118852.2   -120301.03   -242.44298    22052.528    20.646258      22.1031    57.784244           90           90     123.2501    1.4926293 
   72000    237.60756   -118823.62   -120233.77   -242.03907    22018.601    20.663139    22.106882    57.638346           90           90     123.2501    1.4949292 
   73000    249.40398   -118805.49   -120285.65   -334.99634    21956.882    20.687783    22.098901    57.429048           90           90     123.2501    1.4991313 
   74000    245.00521    -118842.5   -120296.56   -149.92671    21927.909    20.648152    22.083643    57.503053           90           90     123.2501    1.5011121 
   75000    252.21362   -118762.34   -120259.18   -431.89343    21922.725    20.619444    22.074736    57.592729           90           90     123.2501     1.501467 
   76000      256.721   -118715.17   -120238.76   -248.59194    21937.305    20.595492      22.1097    57.606811           90           90     123.2501    1.5004691 
   77000    254.51101    -118722.9   -120233.37   -159.28009    21971.814    20.651272    22.107232    57.548009           90           90     123.2501    1.4981125 
   78000    262.03275   -118645.39    -120200.5    8.9312085     21959.97    20.739266    22.058665    57.399049           90           90     123.2501    1.4989205 
   79000    252.14108   -118692.13   -120188.54    172.70337    21902.329     20.76109    22.066295    57.168436           90           90     123.2501    1.5028652 
   80000     263.1481   -118618.08   -120179.81    379.43333    21877.613    20.771403    22.081616    57.035972           90           90     123.2501    1.5045631 
   81000    261.68683   -118580.36   -120133.42    234.89058    21899.437    20.690432     22.13647    57.174268           90           90     123.2501    1.5030637 
   82000    262.70979   -118558.26   -120117.39    635.78424    21868.251     20.60853    22.120446    57.361269           90           90     123.2501    1.5052072 
   83000    263.97494   -118563.19   -120129.83    315.19179    21857.563    20.593179    22.123415    57.368271           90           90     123.2501    1.5059432 
   84000    271.98872    -118508.8   -120122.99    522.77045    21877.424    20.676084    22.079432    57.304085           90           90     123.2501    1.5045761 
   85000    265.53909   -118503.06   -120078.98    326.20441    21927.322    20.733115    22.070046    57.301156           90           90     123.2501    1.5011523 
   86000    286.27924   -118346.41   -120045.42    150.57711    21988.057    20.765963     22.12733     57.22046           90           90     123.2501    1.4970058 
   87000    274.55307   -118391.01   -120020.42    35.779321    22048.345    20.691255      22.2293    57.320367           90           90     123.2501    1.4929125 
   88000    273.08064   -118434.53    -120055.2   -60.437847    22064.647    20.646722    22.190098    57.588035           90           90     123.2501    1.4918094 
   89000    278.70479   -118375.89   -120029.95   -390.52722    22092.308    20.565417     22.19288    57.880929           90           90     123.2501    1.4899416 
   90000    277.88469   -118420.56   -120069.75   -276.81031    22061.321    20.610251    22.181338    57.704022           90           90     123.2501    1.4920343 
   91000    284.11743   -118382.68   -120068.86   -463.26853    22055.788    20.626099    22.215278    57.557155           90           90     123.2501    1.4924087 
   92000    287.73799   -118305.09   -120012.75   -417.20924    22091.066     20.69905    22.197075    57.493149           90           90     123.2501    1.4900254 
   93000    272.72985   -118376.05   -119994.64   -439.94685    22121.379    20.726538    22.203798    57.478277           90           90     123.2501    1.4879836 
   94000    289.56144   -118320.63   -120039.12    -512.5066    22124.283    20.715432    22.224922    57.461978           90           90     123.2501    1.4877883 
   95000    288.66181   -118252.16    -119965.3   -272.08332    22126.736    20.664862    22.282014    57.461373           90           90     123.2501    1.4876233 
   96000    287.61629   -118237.89   -119944.83   -428.60264     22138.82    20.622967    22.282436    57.608456           90           90     123.2501    1.4868114 
   97000    287.48519   -118234.02   -119940.19    -153.1262    22171.826    20.667024    22.180916    57.834853           90           90     123.2501     1.484598 
   98000    301.70271   -118107.35   -119897.89   -178.67573    22274.394    20.696871    22.171995    58.041954           90           90     123.2501    1.4777618 
   99000    288.28663   -118172.22   -119883.14   -103.63415    22368.887     20.76327    22.147411    58.166273           90           90     123.2501    1.4715193 
  100000    307.75475   -117996.32   -119822.78   -38.122878        22452    20.750969    22.173093    58.349342           90           90     123.2501     1.466072 
  100030    308.01743   -117993.15   -119821.17    258.70377     22449.51    20.754717    22.176365    58.323727           90           90     123.2501    1.4662346 
Loop time of 706.323 on 5 procs for 100000 steps with 1992 atoms

Performance: 0.122 ns/day, 196.201 hours/ns, 141.578 timesteps/s
95.0% CPU use with 5 MPI tasks x 1 OpenMP threads

MPI task timing breakdown:
Section |  min time  |  avg time  |  max time  |%varavg| %total
---------------------------------------------------------------
Pair    | 203.61     | 285.8      | 393.32     | 408.2 | 40.46
Bond    | 0.76717    | 1.2688     | 1.7135     |  34.2 |  0.18
Kspace  | 283.63     | 365.06     | 423.34     | 275.1 | 51.69
Neigh   | 0.69233    | 0.69276    | 0.69306    |   0.0 |  0.10
Comm    | 18.339     | 43.942     | 73.156     | 269.9 |  6.22
Output  | 0.075547   | 0.075891   | 0.07706    |   0.2 |  0.01
Modify  | 8.2146     | 9.1409     | 10.325     |  22.4 |  1.29
Other   |            | 0.333      |            |       |  0.05

Nlocal:        398.400 ave         430 max         360 min
Histogram: 2 0 0 0 0 0 0 0 2 1
Nghost:        12782.8 ave       12991 max       12518 min
Histogram: 1 0 0 1 0 1 0 0 0 2
Neighs:         0.00000 ave           0 max           0 min
Histogram: 5 0 0 0 0 0 0 0 0 0

Total # of neighbors = 0
Ave neighs/atom = 0.0000000
Ave special neighs/atom = 1.5030120
Neighbor list builds = 56
Dangerous builds = 0
unfix             solution
write_restart     restart.*
System init for write_restart ...
Ewald initialization ...
  using 12-bit tables for long-range coulomb (../kspace.cpp:340)
  G vector (1/distance) = 0.25549752
  estimated absolute RMS force accuracy = 0.0036402238
  estimated relative force accuracy = 1.0962426e-05
  KSpace vectors: actual max1d max3d = 1094 14 12194
                  kxmax kymax kzmax  = 6 8 14
Hybrid pair style last /omp style lj/cut/coul/long
Last active /omp style is kspace_style ewald/omp

timestep          0.1
fix               solution all npt temp 300 300 10 aniso 1 1 100
run               100000
Ewald initialization ...
  using 12-bit tables for long-range coulomb (../kspace.cpp:340)
  G vector (1/distance) = 0.25549752
  estimated absolute RMS force accuracy = 0.0036402238
  estimated relative force accuracy = 1.0962426e-05
  KSpace vectors: actual max1d max3d = 1094 14 12194
                  kxmax kymax kzmax  = 6 8 14
Hybrid pair style last /omp style lj/cut/coul/long
Last active /omp style is kspace_style ewald/omp
WARNING: Fix recenter should come after all other integration fixes (../fix_recenter.cpp:133)
Per MPI rank memory allocation (min/avg/max) = 34.62 | 35.29 | 36.04 Mbytes
Step Temp TotEng PotEng Press Volume Cella Cellb Cellc CellAlpha CellBeta CellGamma Density 
  100030    308.01743   -117993.15   -119821.17    258.65891     22449.51    20.754717    22.176365    58.323727           90           90     123.2501    1.4662346 
  101000    305.13889   -118044.95   -119855.88    1196.3094     22374.43    20.609166    22.159538    58.583654           90           90     123.2501    1.4711547 
  102000     293.1425   -118015.04   -119754.78   -422.55202    22560.802    20.621557    22.209741    58.902696           90           90     123.2501    1.4590017 
  103000    301.81574   -118054.06   -119845.28    558.50799    22570.715    20.638289    22.247441    58.781025           90           90     123.2501    1.4583609 
  104000    301.98484      -117991   -119783.22    310.07847    22802.362    20.686198    22.181647    59.422504           90           90     123.2501    1.4435456 
  105000    300.95934   -117946.06   -119732.19    612.36935    22870.462    20.668577    22.085779     59.90971           90           90     123.2501    1.4392472 
  106000    301.15064    -117940.4   -119727.67    244.09455    23097.663    20.695763    22.089165    60.416128           90           90     123.2501      1.42509 
  107000    295.69686   -118006.27   -119761.17   -290.28556    23070.359    20.546783    22.114727    60.711996           90           90     123.2501    1.4267766 
  108000    297.05386   -118002.41   -119765.37    411.28173    23360.046    20.792661    22.209482    60.488215           90           90     123.2501    1.4090832 
  109000    299.29948   -118061.98   -119838.26   -159.38904    23315.666    20.662545    22.212753    60.744535           90           90     123.2501    1.4117653 
  110000    302.69318   -117938.35   -119734.77   -853.55812    23549.443    20.810216    22.161169    61.060023           90           90     123.2501    1.3977507 
  111000    294.76409   -118058.77   -119808.13    938.03051    23502.175    20.669546    22.216265    61.200036           90           90     123.2501    1.4005618 
  112000    297.51054   -117997.38   -119763.05   -308.88602     23329.33     20.68266    22.047956    61.174879           90           90     123.2501    1.4109385 
  113000    301.62311   -118058.52   -119848.59    1403.7018    23171.486    20.696877    22.242591    60.187913           90           90     123.2501    1.4205498 
  114000    307.00919   -118091.59   -119913.63   0.93785362    22994.833     20.62792    22.198675    60.047282           90           90     123.2501    1.4314628 
  115000    301.11396   -118025.06   -119812.11   -471.98879    22863.881    20.612279    22.330425    59.398099           90           90     123.2501    1.4396615 
  116000    297.62073   -118076.94   -119843.26    944.15886    22784.523    20.605925    22.296678    59.299802           90           90     123.2501    1.4446758 
  117000    297.18945   -118004.39   -119768.15   -335.11102    22874.128    20.696383    22.255322    59.382954           90           90     123.2501    1.4390165 
  118000    291.91676   -118154.16   -119886.62     961.3052    22601.596    20.643105    22.206951    58.955013           90           90     123.2501    1.4563683 
  119000    296.46632   -118138.62   -119898.08    2109.3999    22299.874    20.594411    22.238412    58.223038           90           90     123.2501    1.4760733 
  120000    294.20446   -118149.75   -119895.79   -171.76393    22250.958    20.658424    22.195528    58.027203           90           90     123.2501    1.4793183 
  121000    300.46473   -118138.63   -119921.83     1851.599     22310.09    20.770468    22.133233    58.030428           90           90     123.2501    1.4753974 
  122000    299.57394   -118131.43   -119909.33   -200.99608    22239.613    20.629447    22.252808    57.929585           90           90     123.2501    1.4800729 
  123000    305.52851   -118079.94   -119893.19    1253.5714    22184.744    20.593465    22.343846    57.651771           90           90     123.2501    1.4837336 
  124000    305.37706   -118068.83   -119881.18    1114.0255     22154.02    20.709907    22.324184    57.298648           90           90     123.2501    1.4857913 
  125000    295.75073   -118287.09   -120042.31    90.726855    22003.955    20.642938    22.122479    57.615725           90           90     123.2501    1.4959242 
  126000    299.89771   -118214.94   -119994.77    1295.2615    21985.759    20.680285    22.238591    57.164087           90           90     123.2501    1.4971623 
  127000    294.72323   -118321.56   -120070.68    701.78841     21648.88    20.644514    22.265793    56.316827           90           90     123.2501    1.5204597 
  128000    305.69823   -118239.35   -120053.61    1458.4841    21761.248    20.788729    22.166809    56.467463           90           90     123.2501    1.5126085 
  129000    303.66804   -118225.77   -120027.97    742.78504     21815.93     20.83916    22.129853    56.566665           90           90     123.2501    1.5088171 
  130000      300.065   -118239.64   -120020.46   -929.37185    21549.861    20.587874     22.23139    56.300461           90           90     123.2501     1.527446 
  131000    293.44048   -118303.97   -120045.48    1020.4368    21623.394    20.805115    22.221566    55.927403           90           90     123.2501    1.5222518 
  132000     296.6809   -118244.65   -120005.38    494.65593    21585.769    20.681858     22.17944    56.269489           90           90     123.2501    1.5249051 
  133000    290.97596   -118253.74   -119980.62    716.67394    21716.888    20.786217    22.154571    56.390296           90           90     123.2501    1.5156982 
  134000    291.55303   -118284.89   -120015.19    898.03179    21839.914     20.78531    22.142941    56.742007           90           90     123.2501    1.5071602 
  135000    311.24025    -118114.6   -119961.75    290.55922    21668.039    20.878521    22.172776    55.968723           90           90     123.2501    1.5191153 
  136000    292.65501   -118268.67   -120005.52    1228.1703    21905.634    20.894771    22.201451    56.465402           90           90     123.2501    1.5026385 
  137000    309.54877   -118176.48   -120013.59    659.87069    22004.395    20.860852    22.114901    57.034541           90           90     123.2501    1.4958943 
  138000     299.4829   -118239.09   -120016.46    545.57148    22002.394    20.873783    22.168804    56.855449           90           90     123.2501    1.4960303 
  139000    288.39151   -118377.14   -120088.69    1753.4223    21920.351     20.78055     22.20987    56.792377           90           90     123.2501    1.5016296 
  140000    298.89133   -118350.18   -120124.04   -1043.0531    21940.833     20.75464    22.329578    56.611282           90           90     123.2501    1.5002278 
  141000    310.74209    -118196.8   -120040.99    385.45073    21827.416    20.680819    22.250709    56.720013           90           90     123.2501    1.5080232 
  142000    290.26272   -118326.79   -120049.44    579.49207    21984.375    20.720385    22.186042    57.184989           90           90     123.2501    1.4972565 
  143000    303.45352   -118207.94   -120008.87   -459.47997    21967.546    20.715083    22.227101    57.050261           90           90     123.2501    1.4984036 
  144000    315.55956   -118146.56   -120019.35    972.30943    21856.491    20.770774     22.20841    56.657298           90           90     123.2501    1.5060171 
  145000    296.41447   -118302.05   -120061.21    1161.8415    21703.321    20.586437     22.21655    56.743218           90           90     123.2501    1.5166457 
  146000    301.54446   -118288.94   -120078.54    625.41247    21826.927    20.637143    22.400917    56.457652           90           90     123.2501    1.5080569 
  147000    301.35305      -118310   -120098.47    2368.2808    21873.764    20.818441     22.21649    56.551671           90           90     123.2501    1.5048278 
  148000    307.84736   -118190.17   -120017.18    1056.7115    21876.216    20.743173    22.193408    56.822273           90           90     123.2501    1.5046592 
  149000    293.88196   -118318.84   -120062.97     1955.968    21928.636     20.68509    22.225873    57.034936           90           90     123.2501    1.5010623 
  150000    306.80019    -118224.8    -120045.6     336.2438    21904.095    20.630971    22.185694    57.224001           90           90     123.2501    1.5027441 
  151000    311.93088   -118186.09   -120037.33    -317.2374    22030.605    20.718289    22.296923    57.026037           90           90     123.2501    1.4941146 
  152000    289.77638   -118418.72   -120138.48   -128.32576    21855.992    20.700054    22.181514    56.918502           90           90     123.2501    1.5060515 
  153000    305.89934   -118311.16   -120126.61   -1481.5827    21729.509    20.566046    22.302204    56.649606           90           90     123.2501    1.5148179 
  154000    294.16072   -118319.42   -120065.21    1315.5472    21785.237    20.676597    22.157514    56.860121           90           90     123.2501    1.5109429 
  155000    292.93185   -118276.65   -120015.14   -489.26231    21786.354    20.530008    22.270528    56.978433           90           90     123.2501    1.5108655 
  156000    304.19489   -118149.09   -119954.42     1793.797    21920.989    20.707621    22.218363    56.972261           90           90     123.2501     1.501586 
  157000    296.11747   -118337.71    -120095.1    1560.5605    21745.733    20.835155    22.148009    56.349259           90           90     123.2501    1.5136877 
  158000    292.95688   -118328.57   -120067.21   -1172.7026    21829.461    20.810196    22.287954    56.278463           90           90     123.2501    1.5078819 
  159000    294.34633   -118307.14   -120054.02    879.13038    21929.742    20.717617    22.203493    57.005663           90           90     123.2501    1.5009866 
  160000     290.9104   -118376.45   -120102.94    1052.4476    21782.963    20.660576    22.177622    56.846684           90           90     123.2501    1.5111007 
  161000    299.19647   -118336.09   -120111.76    48.832285    21731.619    20.648103    22.204289    56.678799           90           90     123.2501    1.5146708 
  162000    306.49622   -118287.59   -120106.58    -229.1874    21833.677    20.818837    22.202589    56.482302           90           90     123.2501    1.5075907 
  163000    295.75307    -118368.6   -120123.83   -1622.6366     21831.61    20.676615    22.245408     56.75597           90           90     123.2501    1.5077334 
  164000    303.02254   -118317.51   -120115.89    511.15964    21848.794    20.668813    22.298724    56.686223           90           90     123.2501    1.5065476 
  165000    304.41551   -118293.06   -120099.71   -2973.6323    21917.327    20.752599     22.24433    56.772932           90           90     123.2501    1.5018369 
  166000    307.73589   -118276.05   -120102.39   -2295.6951    21893.193    20.713042    22.234791    56.843098           90           90     123.2501    1.5034924 
  167000    291.20935   -118363.14   -120091.41    944.12118     21889.94    20.789313    22.252988    56.579835           90           90     123.2501    1.5037158 
  168000    303.10983   -118301.47   -120100.37   -1817.5954    21939.043    20.743987    22.278442    56.765729           90           90     123.2501    1.5003502 
  169000    304.51765    -118345.3   -120152.55   -282.71964    21915.378    20.766088    22.222675    56.786294           90           90     123.2501    1.5019704 
  170000    303.89467   -118386.87   -120190.42    56.654406    21940.767    20.744238    22.180688    57.019695           90           90     123.2501    1.5002324 
  171000    304.44337   -118356.64   -120163.44    139.78168    21854.567    20.638452    22.167577    57.120556           90           90     123.2501    1.5061497 
  172000    295.94958   -118369.09   -120125.49    83.175258    21857.497     20.71308      22.2372    56.744167           90           90     123.2501    1.5059478 
  173000    314.70601   -118309.73   -120177.44    13.823924    21724.038    20.733819    22.162279     56.53175           90           90     123.2501    1.5151994 
  174000    305.63252   -118360.53    -120174.4    1235.0171    21666.631    20.714899    22.263036     56.17845           90           90     123.2501     1.519214 
  175000    295.36116   -118348.85   -120101.76   -702.01153    21685.426     20.63708    22.324754    56.283179           90           90     123.2501    1.5178972 
  176000    298.54791   -118406.67   -120178.49   -1485.8438    21845.413    20.664471    22.286866     56.71952           90           90     123.2501    1.5067808 
  177000    301.12187   -118324.19   -120111.29    186.58063    21898.116    20.704207    22.245754    56.852114           90           90     123.2501    1.5031544 
  178000    290.34388   -118407.56   -120130.69   -857.09825    21879.044     20.74782    22.153775    56.918536           90           90     123.2501    1.5044647 
  179000    293.70526   -118352.11   -120095.19    1324.1356    21822.638    20.723103    22.293819    56.482458           90           90     123.2501    1.5083533 
  180000    301.98828   -118326.66    -120118.9    1285.4671    21823.682    20.599662    22.257159    56.917235           90           90     123.2501    1.5082812 
  181000    290.58188   -118348.73   -120073.27   -10.044004    21834.393    20.656813     22.27567    56.740428           90           90     123.2501    1.5075413 
  182000    296.90606   -118378.27   -120140.35     902.8278    21779.707    20.604208     22.19284    56.954601           90           90     123.2501    1.5113265 
  183000     310.2876   -118290.62   -120132.11    787.33701    21725.023    20.633216    22.225054    56.649498           90           90     123.2501    1.5151307 
  184000    292.65044   -118351.37   -120088.19    542.02657    21782.947    20.731628     22.21973    56.544456           90           90     123.2501    1.5111018 
  185000    302.95845    -118322.2   -120120.19    1976.2552    21750.763     20.70948    22.225316    56.507091           90           90     123.2501    1.5133377 
  186000    308.99011   -118268.12   -120101.91   -770.13077    21950.877    20.628732    22.316441    57.016427           90           90     123.2501    1.4995414 
  187000    306.29888   -118287.82   -120105.64   -311.09497    21880.834    20.666906    22.277641    56.828316           90           90     123.2501    1.5043416 
  188000    304.28136   -118435.27   -120241.12    1250.7959    21685.924    20.653002    22.303106     56.29567           90           90     123.2501    1.5178624 
  189000    305.15929   -118327.74    -120138.8    127.80695    21682.672    20.641151    22.251822    56.449343           90           90     123.2501    1.5180901 
  190000    307.74755   -118330.01   -120156.43    157.27428    21738.837    20.790293    22.168356    56.401126           90           90     123.2501    1.5141679 
  191000     301.6833   -118271.59   -120062.01   -338.34265    21732.719    20.705869    22.220505    56.482284           90           90     123.2501    1.5145942 
  192000    304.22826   -118353.28   -120158.81    838.55356    21682.174    20.678735    22.230078    56.400567           90           90     123.2501    1.5181249 
  193000    294.29149   -118462.22   -120208.78    -1470.709    21598.597    20.606374    22.351348    56.074557           90           90     123.2501    1.5239994 
  194000    296.23823   -118483.17   -120241.28    750.27611    21687.043     20.80132    22.194163    56.171531           90           90     123.2501    1.5177841 
  195000     289.5194   -118518.95   -120237.19   -119.95941    21585.197    20.734395    22.198719    56.076685           90           90     123.2501    1.5249455 
  196000    302.19764   -118344.78   -120138.26   -142.20971    21788.009     20.80304    22.137621    56.572499           90           90     123.2501    1.5107507 
  197000    303.50686   -118344.18   -120145.43    1281.4589     21771.36    20.727674    22.313605    56.287354           90           90     123.2501     1.511906 
  198000    295.24819   -118326.86    -120079.1    176.96257    21820.251    20.701517    22.199577    56.775173           90           90     123.2501    1.5085183 
  199000    298.45984   -118429.45   -120200.75    574.92994    21762.193    20.624075    22.269591    56.658037           90           90     123.2501    1.5125428 
  200000    299.15496   -118294.32   -120069.75    -618.9701    21868.906    20.670614    22.295109    56.742657           90           90     123.2501    1.5051621 
  200030    298.97107   -118290.32   -120064.65   -1995.8598    21847.421    20.667654    22.293841    56.698254           90           90     123.2501    1.5066423 
Loop time of 656.778 on 5 procs for 100000 steps with 1992 atoms

Performance: 1.316 ns/day, 18.244 hours/ns, 152.258 timesteps/s
96.3% CPU use with 5 MPI tasks x 1 OpenMP threads

MPI task timing breakdown:
Section |  min time  |  avg time  |  max time  |%varavg| %total
---------------------------------------------------------------
Pair    | 213.51     | 289.21     | 350.1      | 327.3 | 44.04
Bond    | 0.81702    | 1.299      | 1.6401     |  33.8 |  0.20
Kspace  | 255.85     | 310.51     | 364.43     | 236.3 | 47.28
Neigh   | 6.9395     | 6.9421     | 6.9447     |   0.1 |  1.06
Comm    | 17.641     | 39.267     | 60.834     | 249.0 |  5.98
Output  | 0.078504   | 0.078844   | 0.080057   |   0.2 |  0.01
Modify  | 7.9723     | 8.9444     | 9.6638     |  22.0 |  1.36
Other   |            | 0.5174     |            |       |  0.08

Nlocal:        398.400 ave         461 max         336 min
Histogram: 1 1 0 0 0 1 0 1 0 1
Nghost:        12946.4 ave       13297 max       12613 min
Histogram: 1 1 0 0 0 1 0 1 0 1
Neighs:         0.00000 ave           0 max           0 min
Histogram: 5 0 0 0 0 0 0 0 0 0

Total # of neighbors = 0
Ave neighs/atom = 0.0000000
Ave special neighs/atom = 1.5030120
Neighbor list builds = 586
Dangerous builds = 0

write_data        compute_w.bt.03.h.data
System init for write_data ...
Ewald initialization ...
  using 12-bit tables for long-range coulomb (../kspace.cpp:340)
  G vector (1/distance) = 0.25568218
  estimated absolute RMS force accuracy = 0.0035152323
  estimated relative force accuracy = 1.0586018e-05
  KSpace vectors: actual max1d max3d = 1090 14 12194
                  kxmax kymax kzmax  = 6 8 14
Hybrid pair style last /omp style lj/cut/coul/long
Last active /omp style is kspace_style ewald/omp
WARNING: Fix recenter should come after all other integration fixes (../fix_recenter.cpp:133)
write_restart     restart.*
System init for write_restart ...
Ewald initialization ...
  using 12-bit tables for long-range coulomb (../kspace.cpp:340)
  G vector (1/distance) = 0.25568218
  estimated absolute RMS force accuracy = 0.0035152323
  estimated relative force accuracy = 1.0586018e-05
  KSpace vectors: actual max1d max3d = 1090 14 12194
                  kxmax kymax kzmax  = 6 8 14
Hybrid pair style last /omp style lj/cut/coul/long
Last active /omp style is kspace_style ewald/omp
WARNING: Fix recenter should come after all other integration fixes (../fix_recenter.cpp:133)
Total wall time: 0:22:44
