03/13 19:42 [INFO] cif_modifier (<module>)                   : Logger loaded
03/13 19:42 [INFO] cshmd.structure (__init__)                : st_L2H0.cif was loaded
03/13 19:42 [DEBUG] cshmd.analysis (__init__)                : [StructureManager] Now new data setted for get Bonds
03/13 19:42 [DEBUG] cshmd.analysis (__del_bond__)            : del -> Si_O O_H H_O Ca_O C_O BO
03/13 19:42 [DEBUG] cshmd.analysis (__initialize_mole__)     : initalize -> H2O SiO4 OH CO3 H3O
03/13 19:42 [DEBUG] cshmd.analysis (__initialize_mole__)     : initalize -> SiOH CaOH HCO3 H2CO3 H3CO3
03/13 19:42 [DEBUG] cshmd.analysis (find_bond)               : find_bond O - H 
03/13 19:42 [DEBUG] cshmd.common (time_wrapper)              : [RUNTIME] get_distance_table in 0.016 seconds
03/13 19:42 [DEBUG] cshmd.analysis (get_mole)                : get_mole O - H -> nbonds: 2
03/13 19:42 [DEBUG] cshmd.analysis (find_bond)               : find_bond Si - O 
03/13 19:42 [DEBUG] cshmd.common (time_wrapper)              : [RUNTIME] get_distance_table in 0.068 seconds
03/13 19:42 [DEBUG] cshmd.analysis (get_mole)                : get_mole Si - O -> nbonds: 4
03/13 19:42 [DEBUG] cshmd.analysis (get_mole)                : get_mole O - H -> nbonds: 1
03/13 19:42 [DEBUG] cshmd.analysis (find_bond)               : find_bond C - O 
03/13 19:42 [DEBUG] cshmd.analysis (get_mole)                : get_mole C - O -> nbonds: 3
03/13 19:42 [DEBUG] cshmd.analysis (get_mole)                : get_mole O - H -> nbonds: 3
03/13 19:42 [DEBUG] cshmd.analysis (find_bond)               : find_bond Ca - O 
03/13 19:42 [DEBUG] cshmd.common (time_wrapper)              : [RUNTIME] get_distance_table in 0.074 seconds
03/13 19:42 [INFO] cshmd.analysis (full_search)              : Search layer details
03/13 19:42 [DEBUG] cshmd.analysis (find_bond)               : find_bond Ca - O 
03/13 19:42 [DEBUG] cshmd.analysis (find_bond)               : find_bond Si - O 
03/13 19:42 [INFO] cshmd.analysis (__detail_search_oh_co3)   : No CO3 in basic search
03/13 19:42 [DEBUG] cshmd.analysis (__detail_search_oh_sioh) : Searching 'OH' in 'SiO4
03/13 19:42 [DEBUG] cshmd.analysis (__detail_search_oh_caoh) : Searching 'OH' in 'CaOH
03/13 19:42 [INFO] cshmd.analysis (validate_chain)           : 
Warning: Some Silicate Chain broken: 1561
03/13 19:42 [DEBUG] cshmd.analysis (find_bond)               : find_bond O - H 
03/13 19:42 [DEBUG] cshmd.analysis (get_mole)                : get_mole O - H -> nbonds: 1
03/13 19:42 [DEBUG] cshmd.analysis (get_mole)                : get_mole O - H -> nbonds: 2
03/13 19:42 [DEBUG] cshmd.analysis (find_bond)               : find_bond C - O 
03/13 19:42 [DEBUG] cshmd.analysis (get_mole)                : get_mole C - O -> nbonds: 3
03/13 19:42 [DEBUG] cshmd.analysis (find_bond)               : find_bond Si - O 
03/13 19:42 [DEBUG] cshmd.analysis (get_mole)                : get_mole Si - O -> nbonds: 4
03/13 19:42 [INFO] cshmd.functions (cal_uniform_by_space)    : Number of molecules to add : 1310
03/13 19:42 [INFO] cshmd.functions (cal_uniform_by_space)    : Number of atoms per surface : 144
03/13 19:42 [INFO] cshmd.functions (cal_uniform_by_space)    : Number of layer : 10
03/13 19:42 [INFO] cshmd.structure (extendLattice)           : Extend lattice 39.042 41.332 31.196 -> 39.042 41.332 51.196 
03/13 19:42 [INFO] cif_modifier (exec_make_interface)        : Number of atoms: 2013 -> 5943
03/13 19:42 [INFO] cshmd.structure (labeling_by_clayff)      : Now get label according to 'Clayff' style
03/13 19:42 [DEBUG] cshmd.analysis (get_mole)                : get_mole O - H -> nbonds: 1
03/13 19:42 [DEBUG] cshmd.analysis (get_mole)                : get_mole O - H -> nbonds: 2
03/13 19:42 [DEBUG] cshmd.analysis (get_mole)                : get_mole Si - O -> nbonds: 4
03/13 19:42 [DEBUG] cshmd.analysis (get_mole)                : get_mole C - O -> nbonds: 3
03/13 19:42 [WARNING] cshmd.structure (labeling_by_clayff)   : Unlabeled atoms in clayff, O ->  1587 1596Si ->  1561 ...
03/13 19:42 [INFO] cshmd.structure (labeling_by_clayff)      : Clayff charge: -0.000
03/13 19:42 [INFO] cshmd.structure (writeCif)                : wst_L2H0.cif was created
03/13 19:42 [INFO] cif_modifier (__init__)                   : Total charge: 0 -> 0
