units           metal
atom_style      atomic
read_data       ../../${base}.data
read_data       ../../BT.h.00.00.data
Reading data file ...
  triclinic box = (0 0 0) to (20.537214 18.582695 57.923605) with tilt (8.121283 0 0)
  1 by 1 by 1 MPI processor grid
  reading atoms ...
  2008 atoms
  read_data CPU = 0.003 seconds
velocity        all create ${T} ${seed}
velocity        all create 330 ${seed}
velocity        all create 330 715
pair_style      deepmd ../../hoge.pb
Summary of lammps deepmd module ...
  >>> Info of deepmd-kit:
  installed to:       /home/kim/.conda/envs/2.2.8
  source:             v2.2.8
  source branch:      HEAD
  source commit:      b875ea8f
  source commit at:   2024-01-22 22:28:58 -0500
  support model ver.: 1.1 
  build variant:      cuda
  build with tf inc:  /home/kim/.conda/envs/2.2.8/include;/home/kim/.conda/envs/2.2.8/include
  build with tf lib:  /home/kim/.conda/envs/2.2.8/lib/libtensorflow_cc.so
  set tf intra_op_parallelism_threads: 3
  set tf inter_op_parallelism_threads: 3
  >>> Info of lammps module:
  use deepmd-kit at:  /home/kim/.conda/envs/2.2.8pair_coeff      * * ${elem}
pair_coeff      * * Ca C H H O O O O Si
timestep        0.0005
thermo          1000
# minimize        1.0e-4 1.0e-6 100 1000

group           layer type 1 6 8 9
513 atoms in group layer
thermo_style    custom step etotal temp press density
dump            1 all custom 1000 ${base}.lammpstrj id type element x y z
dump            1 all custom 1000 BT.h.00.00.lammpstrj id type element x y z
dump_modify     1 element ${elem} sort id
dump_modify     1 element Ca C H H O O O O Si sort id
fix             2 layer recenter INIT INIT INIT

fix             1 all nvt temp $T $T $(dt*10)
fix             1 all nvt temp 330 $T $(dt*10)
fix             1 all nvt temp 330 330 $(dt*10)
fix             1 all nvt temp 330 330 0.0050000000000000001041
run             1000

CITE-CITE-CITE-CITE-CITE-CITE-CITE-CITE-CITE-CITE-CITE-CITE-CITE

Your simulation uses code contributions which should be cited:

- USER-DEEPMD package:

@article{Wang_ComputPhysCommun_2018_v228_p178,
  author = {Wang, Han and Zhang, Linfeng and Han, Jiequn and E, Weinan},
  doi = {10.1016/j.cpc.2018.03.016},
  url = {https://doi.org/10.1016/j.cpc.2018.03.016},
  year = 2018,
  month = {jul},
  publisher = {Elsevier {BV}},
  volume = 228,
  journal = {Comput. Phys. Commun.},
  title = {{DeePMD-kit: A deep learning package for many-body potential energy representation and molecular dynamics}},
  pages = {178--184}
}
@misc{Zeng_JChemPhys_2023_v159_p054801,
  title  = {{DeePMD-kit v2: A software package for deep potential models}},
  author =   {Jinzhe Zeng and Duo Zhang and Denghui Lu and Pinghui Mo and Zeyu Li
         and Yixiao Chen and Mari{\'a}n Rynik and Li'ang Huang and Ziyao Li and 
         Shaochen Shi and Yingze Wang and Haotian Ye and Ping Tuo and Jiabin
         Yang and Ye Ding and Yifan Li and Davide Tisi and Qiyu Zeng and Han 
         Bao and Yu Xia and Jiameng Huang and Koki Muraoka and Yibo Wang and 
         Junhan Chang and Fengbo Yuan and Sigbj{\o}rn L{\o}land Bore and Chun
         Cai and Yinnian Lin and Bo Wang and Jiayan Xu and Jia-Xin Zhu and 
         Chenxing Luo and Yuzhi Zhang and Rhys E A Goodall and Wenshuo Liang
         and Anurag Kumar Singh and Sikai Yao and Jingchao Zhang and Renata
         Wentzcovitch and Jiequn Han and Jie Liu and Weile Jia and Darrin M
         York and Weinan E and Roberto Car and Linfeng Zhang and Han Wang},
  journal =  {J. Chem. Phys.},
  volume =   159,
  issue =    5,  
  year =    2023,
  pages  =   054801,
  doi =      {10.1063/5.0155600},
}

CITE-CITE-CITE-CITE-CITE-CITE-CITE-CITE-CITE-CITE-CITE-CITE-CITE

Generated 0 of 36 mixed pair_coeff terms from geometric mixing rule
WARNING: Fix recenter should come after all other integration fixes (src/fix_recenter.cpp:133)
Neighbor list info ...
  update: every = 1 steps, delay = 0 steps, check = yes
  max neighbors/atom: 2000, page size: 100000
  master list distance cutoff = 9
  ghost atom cutoff = 9
  binsize = 4.5, bins = 7 5 13
  1 neighbor lists, perpetual/occasional/extra = 1 0 0
  (1) pair deepmd, perpetual
      attributes: full, newton on
      pair build: full/bin/atomonly
      stencil: full/bin/3d
      bin: standard
Per MPI rank memory allocation (min/avg/max) = 15 | 15 | 15 Mbytes
   Step         TotEng          Temp          Press         Density    
         0  -10804.001      330            5018.8913      1.5179572    
      1000  -10914.206      328.631        2460.8405      1.5179572    
Loop time of 10.3996 on 12 procs for 1000 steps with 2008 atoms

Performance: 4.154 ns/day, 5.778 hours/ns, 96.158 timesteps/s, 193.084 katom-step/s
101.7% CPU use with 1 MPI tasks x 12 OpenMP threads

MPI task timing breakdown:
Section |  min time  |  avg time  |  max time  |%varavg| %total
---------------------------------------------------------------
Pair    | 9.9238     | 9.9238     | 9.9238     |   0.0 | 95.42
Neigh   | 0.33053    | 0.33053    | 0.33053    |   0.0 |  3.18
Comm    | 0.056106   | 0.056106   | 0.056106   |   0.0 |  0.54
Output  | 0.0011795  | 0.0011795  | 0.0011795  |   0.0 |  0.01
Modify  | 0.069603   | 0.069603   | 0.069603   |   0.0 |  0.67
Other   |            | 0.01838    |            |       |  0.18

Nlocal:           2008 ave        2008 max        2008 min
Histogram: 1 0 0 0 0 0 0 0 0 0
Nghost:           8028 ave        8028 max        8028 min
Histogram: 1 0 0 0 0 0 0 0 0 0
Neighs:              0 ave           0 max           0 min
Histogram: 1 0 0 0 0 0 0 0 0 0
FullNghs:       556276 ave      556276 max      556276 min
Histogram: 1 0 0 0 0 0 0 0 0 0

Total # of neighbors = 556276
Ave neighs/atom = 277.02988
Neighbor list builds = 21
Dangerous builds = 0
unfix           1
fix             2 layer recenter INIT INIT INIT
fix             1 all npt temp $T $T $(dt*100) tri 1.01325 1.01325 $(dt*1000)
fix             1 all npt temp 330 $T $(dt*100) tri 1.01325 1.01325 $(dt*1000)
fix             1 all npt temp 330 330 $(dt*100) tri 1.01325 1.01325 $(dt*1000)
fix             1 all npt temp 330 330 0.050000000000000002776 tri 1.01325 1.01325 $(dt*1000)
fix             1 all npt temp 330 330 0.050000000000000002776 tri 1.01325 1.01325 0.5
run             1000
Generated 0 of 36 mixed pair_coeff terms from geometric mixing rule
WARNING: Fix recenter should come after all other integration fixes (src/fix_recenter.cpp:133)
Per MPI rank memory allocation (min/avg/max) = 16.48 | 16.48 | 16.48 Mbytes
   Step         TotEng          Temp          Press         Density    
      1000  -10914.206      328.631        2460.8405      1.5179572    
      2000  -10915.981      330.66687      1124.7298      1.5382349    
Loop time of 16.3641 on 12 procs for 1000 steps with 2008 atoms

Performance: 2.640 ns/day, 9.091 hours/ns, 61.109 timesteps/s, 122.708 katom-step/s
96.6% CPU use with 1 MPI tasks x 12 OpenMP threads

MPI task timing breakdown:
Section |  min time  |  avg time  |  max time  |%varavg| %total
---------------------------------------------------------------
Pair    | 16.032     | 16.032     | 16.032     |   0.0 | 97.97
Neigh   | 0.23896    | 0.23896    | 0.23896    |   0.0 |  1.46
Comm    | 0.023692   | 0.023692   | 0.023692   |   0.0 |  0.14
Output  | 0.0011397  | 0.0011397  | 0.0011397  |   0.0 |  0.01
Modify  | 0.05982    | 0.05982    | 0.05982    |   0.0 |  0.37
Other   |            | 0.008852   |            |       |  0.05

Nlocal:           2008 ave        2008 max        2008 min
Histogram: 1 0 0 0 0 0 0 0 0 0
Nghost:           8119 ave        8119 max        8119 min
Histogram: 1 0 0 0 0 0 0 0 0 0
Neighs:              0 ave           0 max           0 min
Histogram: 1 0 0 0 0 0 0 0 0 0
FullNghs:       564348 ave      564348 max      564348 min
Histogram: 1 0 0 0 0 0 0 0 0 0

Total # of neighbors = 564348
Ave neighs/atom = 281.0498
Neighbor list builds = 25
Dangerous builds = 0
write_restart   ${base}.rst
write_restart   BT.h.00.00.rst
System init for write_restart ...
Generated 0 of 36 mixed pair_coeff terms from geometric mixing rule
WARNING: Fix recenter should come after all other integration fixes (src/fix_recenter.cpp:133)
write_data      ${base}.data
write_data      BT.h.00.00.data
System init for write_data ...
Generated 0 of 36 mixed pair_coeff terms from geometric mixing rule
WARNING: Fix recenter should come after all other integration fixes (src/fix_recenter.cpp:133)
Total wall time: 0:00:29
