05/21 12:08 [DEBUG] cshmd.common (get_logger)                                    : $$$$$$$$$$$$$$  Logger 'cshmd.common........' initialized  $$$$$$$$$$$$$$
05/21 12:08 [DEBUG] cshmd.functions (get_logger)                                 : $$$$$$$$$$$$$$  Logger 'cshmd.functions.....' initialized  $$$$$$$$$$$$$$
05/21 12:08 [DEBUG] cshmd.load (get_logger)                                      : $$$$$$$$$$$$$$  Logger 'cshmd.load..........' initialized  $$$$$$$$$$$$$$
05/21 12:08 [DEBUG] cshmd.analysis (get_logger)                                  : $$$$$$$$$$$$$$  Logger 'cshmd.analysis......' initialized  $$$$$$$$$$$$$$
05/21 12:08 [DEBUG] cshmd.equation (get_logger)                                  : $$$$$$$$$$$$$$  Logger 'cshmd.equation......' initialized  $$$$$$$$$$$$$$
05/21 12:08 [DEBUG] cshmd.structure (get_logger)                                 : $$$$$$$$$$$$$$  Logger 'cshmd.structure.....' initialized  $$$$$$$$$$$$$$
05/21 12:08 [DEBUG] cshmd.builder (get_logger)                                   : $$$$$$$$$$$$$$  Logger 'cshmd.builder.......' initialized  $$$$$$$$$$$$$$
05/21 12:08 [DEBUG] cshmd.trj_analysis (get_logger)                              : $$$$$$$$$$$$$$  Logger 'cshmd.trj_analysis..' initialized  $$$$$$$$$$$$$$
05/21 12:08 [DEBUG] csh_info (get_logger)                                        : $$$$$$$$$$$$$$  Logger 'csh_info............' initialized  $$$$$$$$$$$$$$
05/21 12:08 [INFO] csh_info (main)                                               : Cif: L120_w2750.cif
05/21 12:08 [INFO] cshmd.structure (__init__)                                    : L120_w2750.cif was loaded
05/21 12:08 [DEBUG] cshmd.analysis (__init__)                                    : [Structure] Now new data setted for get Bonds
05/21 12:08 [DEBUG] cshmd.analysis (__del_bond__)                                : del -> Si_O O_H H_O Ca_O C_O BO NBO
05/21 12:08 [DEBUG] cshmd.analysis (__initialize_mole__)                         : initalize -> H2O SiO4 OH CO3 H3O
05/21 12:08 [DEBUG] cshmd.analysis (__initialize_mole__)                         : initalize -> SiOH CaOH HCO3 H2CO3 H3CO3
05/21 12:08 [DEBUG] cshmd.analysis (__init__)                                    : C-S-H Model not setted
05/21 12:08 [DEBUG] cshmd.analysis (find_bond)                                   : find_bond O - H rcut -> 1.2
05/21 12:08 [DEBUG] cshmd.common (time_wrapper)                                  : [RUNTIME] get_distance_table in 6.266 seconds
05/21 12:08 [DEBUG] cshmd.analysis (get_mole)                                    : get_mole O - H -> nbonds: 2
05/21 12:08 [DEBUG] cshmd.analysis (find_bond)                                   : find_bond Si - O rcut -> 2.3
05/21 12:08 [DEBUG] cshmd.common (time_wrapper)                                  : [RUNTIME] get_distance_table in 0.648 seconds
05/21 12:08 [DEBUG] cshmd.analysis (get_mole)                                    : get_mole Si - O -> nbonds: 4
05/21 12:08 [DEBUG] cshmd.analysis (get_mole)                                    : get_mole O - H -> nbonds: 1
05/21 12:08 [DEBUG] cshmd.analysis (find_bond)                                   : find_bond C - O rcut -> 1.6
05/21 12:08 [DEBUG] cshmd.analysis (get_mole)                                    : get_mole C - O -> nbonds: 3
05/21 12:08 [DEBUG] cshmd.analysis (get_mole)                                    : get_mole O - H -> nbonds: 3
05/21 12:08 [DEBUG] cshmd.analysis (find_bond)                                   : find_bond Ca - O rcut -> 3.0
05/21 12:08 [DEBUG] cshmd.common (time_wrapper)                                  : [RUNTIME] get_distance_table in 0.583 seconds
05/21 12:08 [DEBUG] cshmd.analysis (search_basic)                                : Basic search result -> H2O: 3228, SiO4: 708, OH: 324, CO3: 0, H3O: 26, Ca_O: 3981
05/21 12:08 [DEBUG] cshmd.analysis (full_search)                                 : Search layer details
05/21 12:08 [DEBUG] cshmd.analysis (set_layer_boundary)                          : Set layer boundary -> 0.14802459417500036 - 0.4527376048249997
05/21 12:08 [DEBUG] cshmd.analysis (find_bond)                                   : find_bond Ca - O rcut -> 2.6
05/21 12:08 [DEBUG] cshmd.analysis (__detail_search_oh_co3)                      : No CO3 in basic search
05/21 12:08 [DEBUG] cshmd.analysis (__detail_search_oh_sioh)                     : Searching 'OH' in 'SiO4
05/21 12:08 [DEBUG] cshmd.analysis (__detail_search_oh_caoh)                     : Searching 'OH' in 'CaOH
05/21 12:08 [DEBUG] cshmd.analysis (find_bond)                                   : find_bond Ca - O rcut -> 3.1
05/21 12:08 [DEBUG] cshmd.analysis (find_bond)                                   : find_bond Ca - O rcut -> 5.2
05/21 12:08 [DEBUG] cshmd.analysis (find_bond)                                   : find_bond Ca - O rcut -> 3.1
05/21 12:08 [DEBUG] cshmd.analysis (find_bond)                                   : find_bond Ca - O rcut -> 5.2
05/21 12:09 [DEBUG] cshmd.common (get_logger)                                    : $$$$$$$$$$$$$$  Logger 'cshmd.common........' initialized  $$$$$$$$$$$$$$
05/21 12:09 [DEBUG] cshmd.functions (get_logger)                                 : $$$$$$$$$$$$$$  Logger 'cshmd.functions.....' initialized  $$$$$$$$$$$$$$
05/21 12:09 [DEBUG] cshmd.load (get_logger)                                      : $$$$$$$$$$$$$$  Logger 'cshmd.load..........' initialized  $$$$$$$$$$$$$$
05/21 12:09 [DEBUG] cshmd.analysis (get_logger)                                  : $$$$$$$$$$$$$$  Logger 'cshmd.analysis......' initialized  $$$$$$$$$$$$$$
05/21 12:09 [DEBUG] cshmd.equation (get_logger)                                  : $$$$$$$$$$$$$$  Logger 'cshmd.equation......' initialized  $$$$$$$$$$$$$$
05/21 12:09 [DEBUG] cshmd.structure (get_logger)                                 : $$$$$$$$$$$$$$  Logger 'cshmd.structure.....' initialized  $$$$$$$$$$$$$$
05/21 12:09 [DEBUG] cshmd.builder (get_logger)                                   : $$$$$$$$$$$$$$  Logger 'cshmd.builder.......' initialized  $$$$$$$$$$$$$$
05/21 12:09 [DEBUG] cshmd.trj_analysis (get_logger)                              : $$$$$$$$$$$$$$  Logger 'cshmd.trj_analysis..' initialized  $$$$$$$$$$$$$$
05/21 12:09 [DEBUG] csh_info (get_logger)                                        : $$$$$$$$$$$$$$  Logger 'csh_info............' initialized  $$$$$$$$$$$$$$
05/21 12:09 [INFO] csh_info (main)                                               : Cif: L120_w2750.cif
05/21 12:09 [INFO] cshmd.structure (__init__)                                    : L120_w2750.cif was loaded
05/21 12:09 [DEBUG] cshmd.analysis (__init__)                                    : [Structure] Now new data setted for get Bonds
05/21 12:09 [DEBUG] cshmd.analysis (__del_bond__)                                : del -> Si_O O_H H_O Ca_O C_O BO NBO
05/21 12:09 [DEBUG] cshmd.analysis (__initialize_mole__)                         : initalize -> H2O SiO4 OH CO3 H3O
05/21 12:09 [DEBUG] cshmd.analysis (__initialize_mole__)                         : initalize -> SiOH CaOH HCO3 H2CO3 H3CO3
05/21 12:09 [DEBUG] cshmd.analysis (__init__)                                    : C-S-H Model not setted
05/21 12:09 [DEBUG] cshmd.analysis (find_bond)                                   : find_bond O - H rcut -> 1.2
05/21 12:09 [DEBUG] cshmd.common (time_wrapper)                                  : [RUNTIME] get_distance_table in 6.400 seconds
05/21 12:09 [DEBUG] cshmd.analysis (get_mole)                                    : get_mole O - H -> nbonds: 2
05/21 12:09 [DEBUG] cshmd.analysis (find_bond)                                   : find_bond Si - O rcut -> 2.3
05/21 12:09 [DEBUG] cshmd.common (time_wrapper)                                  : [RUNTIME] get_distance_table in 0.638 seconds
05/21 12:09 [DEBUG] cshmd.analysis (get_mole)                                    : get_mole Si - O -> nbonds: 4
05/21 12:09 [DEBUG] cshmd.analysis (get_mole)                                    : get_mole O - H -> nbonds: 1
05/21 12:09 [DEBUG] cshmd.analysis (find_bond)                                   : find_bond C - O rcut -> 1.6
05/21 12:09 [DEBUG] cshmd.analysis (get_mole)                                    : get_mole C - O -> nbonds: 3
05/21 12:09 [DEBUG] cshmd.analysis (get_mole)                                    : get_mole O - H -> nbonds: 3
05/21 12:09 [DEBUG] cshmd.analysis (find_bond)                                   : find_bond Ca - O rcut -> 3.0
05/21 12:09 [DEBUG] cshmd.common (time_wrapper)                                  : [RUNTIME] get_distance_table in 0.601 seconds
05/21 12:09 [DEBUG] cshmd.analysis (search_basic)                                : Basic search result -> H2O: 3228, SiO4: 708, OH: 324, CO3: 0, H3O: 26, Ca_O: 3981
05/21 12:09 [DEBUG] cshmd.analysis (full_search)                                 : Search layer details
05/21 12:09 [DEBUG] cshmd.analysis (set_layer_boundary)                          : Set layer boundary -> 0.14802459417500036 - 0.4527376048249997
05/21 12:09 [DEBUG] cshmd.analysis (find_bond)                                   : find_bond Ca - O rcut -> 2.6
05/21 12:09 [DEBUG] cshmd.analysis (__detail_search_oh_co3)                      : No CO3 in basic search
05/21 12:09 [DEBUG] cshmd.analysis (__detail_search_oh_sioh)                     : Searching 'OH' in 'SiO4
05/21 12:09 [DEBUG] cshmd.analysis (__detail_search_oh_caoh)                     : Searching 'OH' in 'CaOH
05/21 12:09 [DEBUG] cshmd.analysis (find_bond)                                   : find_bond Ca - O rcut -> 3.1
05/21 12:09 [DEBUG] cshmd.analysis (find_bond)                                   : find_bond Ca - O rcut -> 5.2
05/21 12:09 [DEBUG] cshmd.common (get_logger)                                    : $$$$$$$$$$$$$$  Logger 'cshmd.common........' initialized  $$$$$$$$$$$$$$
05/21 12:09 [DEBUG] cshmd.functions (get_logger)                                 : $$$$$$$$$$$$$$  Logger 'cshmd.functions.....' initialized  $$$$$$$$$$$$$$
05/21 12:09 [DEBUG] cshmd.load (get_logger)                                      : $$$$$$$$$$$$$$  Logger 'cshmd.load..........' initialized  $$$$$$$$$$$$$$
05/21 12:09 [DEBUG] cshmd.analysis (get_logger)                                  : $$$$$$$$$$$$$$  Logger 'cshmd.analysis......' initialized  $$$$$$$$$$$$$$
05/21 12:09 [DEBUG] cshmd.equation (get_logger)                                  : $$$$$$$$$$$$$$  Logger 'cshmd.equation......' initialized  $$$$$$$$$$$$$$
05/21 12:09 [DEBUG] cshmd.structure (get_logger)                                 : $$$$$$$$$$$$$$  Logger 'cshmd.structure.....' initialized  $$$$$$$$$$$$$$
05/21 12:09 [DEBUG] cshmd.builder (get_logger)                                   : $$$$$$$$$$$$$$  Logger 'cshmd.builder.......' initialized  $$$$$$$$$$$$$$
05/21 12:09 [DEBUG] cshmd.trj_analysis (get_logger)                              : $$$$$$$$$$$$$$  Logger 'cshmd.trj_analysis..' initialized  $$$$$$$$$$$$$$
05/21 12:09 [DEBUG] csh_info (get_logger)                                        : $$$$$$$$$$$$$$  Logger 'csh_info............' initialized  $$$$$$$$$$$$$$
05/21 12:09 [INFO] csh_info (main)                                               : Cif: L120_w2750.cif
05/21 12:09 [INFO] cshmd.structure (__init__)                                    : L120_w2750.cif was loaded
05/21 12:09 [DEBUG] cshmd.analysis (__init__)                                    : [Structure] Now new data setted for get Bonds
05/21 12:09 [DEBUG] cshmd.analysis (__del_bond__)                                : del -> Si_O O_H H_O Ca_O C_O BO NBO
05/21 12:09 [DEBUG] cshmd.analysis (__initialize_mole__)                         : initalize -> H2O SiO4 OH CO3 H3O
05/21 12:09 [DEBUG] cshmd.analysis (__initialize_mole__)                         : initalize -> SiOH CaOH HCO3 H2CO3 H3CO3
05/21 12:09 [DEBUG] cshmd.analysis (__init__)                                    : C-S-H Model not setted
05/21 12:09 [DEBUG] cshmd.analysis (find_bond)                                   : find_bond O - H rcut -> 1.2
05/21 12:09 [DEBUG] cshmd.common (time_wrapper)                                  : [RUNTIME] get_distance_table in 6.166 seconds
05/21 12:09 [DEBUG] cshmd.analysis (get_mole)                                    : get_mole O - H -> nbonds: 2
05/21 12:09 [DEBUG] cshmd.analysis (find_bond)                                   : find_bond Si - O rcut -> 2.3
05/21 12:09 [DEBUG] cshmd.common (time_wrapper)                                  : [RUNTIME] get_distance_table in 0.639 seconds
05/21 12:09 [DEBUG] cshmd.analysis (get_mole)                                    : get_mole Si - O -> nbonds: 4
05/21 12:09 [DEBUG] cshmd.analysis (get_mole)                                    : get_mole O - H -> nbonds: 1
05/21 12:09 [DEBUG] cshmd.analysis (find_bond)                                   : find_bond C - O rcut -> 1.6
05/21 12:09 [DEBUG] cshmd.analysis (get_mole)                                    : get_mole C - O -> nbonds: 3
05/21 12:09 [DEBUG] cshmd.analysis (get_mole)                                    : get_mole O - H -> nbonds: 3
05/21 12:09 [DEBUG] cshmd.analysis (find_bond)                                   : find_bond Ca - O rcut -> 3.0
05/21 12:09 [DEBUG] cshmd.common (time_wrapper)                                  : [RUNTIME] get_distance_table in 0.588 seconds
05/21 12:09 [DEBUG] cshmd.analysis (search_basic)                                : Basic search result -> H2O: 3228, SiO4: 708, OH: 324, CO3: 0, H3O: 26, Ca_O: 3981
05/21 12:09 [DEBUG] cshmd.analysis (full_search)                                 : Search layer details
05/21 12:09 [DEBUG] cshmd.analysis (set_layer_boundary)                          : Set layer boundary -> 0.14802459417500036 - 0.4527376048249997
05/21 12:09 [DEBUG] cshmd.analysis (find_bond)                                   : find_bond Ca - O rcut -> 2.6
05/21 12:09 [DEBUG] cshmd.analysis (__detail_search_oh_co3)                      : No CO3 in basic search
05/21 12:09 [DEBUG] cshmd.analysis (__detail_search_oh_sioh)                     : Searching 'OH' in 'SiO4
05/21 12:09 [DEBUG] cshmd.analysis (__detail_search_oh_caoh)                     : Searching 'OH' in 'CaOH
05/21 12:09 [DEBUG] cshmd.analysis (find_bond)                                   : find_bond Ca - O rcut -> 3.1
05/21 12:09 [DEBUG] cshmd.analysis (find_bond)                                   : find_bond Ca - O rcut -> 5.2
05/21 12:09 [INFO] cshmd.structure (out2info)                                    : 'L120_w2750.tmp.pkl' was created
