units real
atom_style full
box tilt large
read_data w.bt.00.h.data
Reading data file ...
  triclinic box = (0.0000000 0.0000000 0.0000000) to (20.205600 18.628755 58.432518) with tilt (-12.213593 0.0000000 0.0000000)
WARNING: Triclinic box skew is large (../domain.cpp:219)
  1 by 1 by 5 MPI processor grid
  reading atoms ...
  2010 atoms
  scanning bonds ...
  2 = max bonds/atom
  scanning angles ...
  1 = max angles/atom
  reading bonds ...
  1016 bonds
  reading angles ...
  535 angles
Finding 1-2 1-3 1-4 neighbors ...
  special bond factors lj:    0        0        0       
  special bond factors coul:  0        0        0       
     2 = max # of 1-2 neighbors
     1 = max # of 1-3 neighbors
     1 = max # of 1-4 neighbors
     2 = max # of special neighbors
  special bonds CPU = 0.002 seconds
  read_data CPU = 0.011 seconds
include w.bt.00.h_coeff.in
pair_style hybrid/overlay coul/long 12 lj/cut/coul/long 12 lj/mdf 12 15
pair_coeff    2    6 coul/long  # cah-o*
pair_coeff    6    6 coul/long  # o*-o*
pair_coeff    1    1 lj/cut/coul/long 1.840500e-06 3.302000e+00  # st-st
pair_coeff    1    2 lj/cut/coul/long 3.042589e-06 4.434350e+00  # st-cah
pair_coeff    1    3 lj/cut/coul/long 5.348025e-04 3.233750e+00  # st-ob
pair_coeff    1    4 lj/cut/coul/long 5.348025e-04 3.233750e+00  # st-oh
pair_coeff    1    5 lj/cut/coul/long 0.000000e+00 2.151000e+00  # st-ho
pair_coeff    1    6 lj/cut/coul/long 5.348025e-04 3.233750e+00  # st-o*
pair_coeff    1    7 lj/cut/coul/long 0.000000e+00 2.151000e+00  # st-h*
pair_coeff    2    2 lj/cut/coul/long 5.029800e-06 5.566700e+00  # cah-cah
pair_coeff    2    3 lj/cut/coul/long 8.840989e-04 4.366100e+00  # cah-ob
pair_coeff    2    4 lj/cut/coul/long 8.840989e-04 4.366100e+00  # cah-oh
pair_coeff    2    5 lj/cut/coul/long 0.000000e+00 3.283350e+00  # cah-ho
pair_coeff    2    7 lj/cut/coul/long 0.000000e+00 3.283350e+00  # cah-h*
pair_coeff    3    3 lj/cut/coul/long 1.554000e-01 3.165500e+00  # ob-ob
pair_coeff    3    4 lj/cut/coul/long 1.554000e-01 3.165500e+00  # ob-oh
pair_coeff    3    5 lj/cut/coul/long 0.000000e+00 2.082750e+00  # ob-ho
pair_coeff    3    6 lj/cut/coul/long 1.554000e-01 3.165500e+00  # ob-o*
pair_coeff    3    7 lj/cut/coul/long 0.000000e+00 2.082750e+00  # ob-h*
pair_coeff    4    4 lj/cut/coul/long 1.554000e-01 3.165500e+00  # oh-oh
pair_coeff    4    5 lj/cut/coul/long 0.000000e+00 2.082750e+00  # oh-ho
pair_coeff    4    6 lj/cut/coul/long 1.554000e-01 3.165500e+00  # oh-o*
pair_coeff    4    7 lj/cut/coul/long 0.000000e+00 2.082750e+00  # oh-h*
pair_coeff    5    5 lj/cut/coul/long 0.000000e+00 1.000000e+00  # ho-ho
pair_coeff    5    6 lj/cut/coul/long 0.000000e+00 2.082750e+00  # ho-o*
pair_coeff    5    7 lj/cut/coul/long 0.000000e+00 1.000000e+00  # ho-h*
pair_coeff    6    7 lj/cut/coul/long 0.000000e+00 2.082750e+00  # o*-h*
pair_coeff    7    7 lj/cut/coul/long 0.000000e+00 1.000000e+00  # h*-h*
pair_coeff    2    6 lj/mdf 2.190752e-02 3.350000e+00  # cah-o*
pair_coeff    6    6 lj/mdf 1.554281e-01 3.165492e+00  # o*-o*
kspace_style ewald 1e-5

bond_style harmonic
bond_coeff    1 5.541349e+02   1.000000  # oh-ho
bond_coeff    2 5.541349e+02   1.000000  # o*-h*

angle_style harmonic
angle_coeff    1 1.500000e+01 100.000000  # st-oh-ho
angle_coeff    2 4.576960e+01 109.470000  # h*-o*-h*

replicate 1 1 1
Replicating atoms ...
  triclinic box = (0.0000000 0.0000000 0.0000000) to (20.205600 18.628755 58.432518) with tilt (-12.213593 0.0000000 0.0000000)
WARNING: Triclinic box skew is large (../domain.cpp:219)
  1 by 1 by 5 MPI processor grid
  2010 atoms
  1016 bonds
  535 angles
Finding 1-2 1-3 1-4 neighbors ...
  special bond factors lj:    0        0        0       
  special bond factors coul:  0        0        0       
     2 = max # of 1-2 neighbors
     1 = max # of 1-3 neighbors
     1 = max # of 1-4 neighbors
     2 = max # of special neighbors
  special bonds CPU = 0.001 seconds
  replicate CPU = 0.004 seconds
# neigh_modify every 1 delay 0 check yes  #n every 1 delay 10
group             solution type 6 7
1443 atoms in group solution
dump              1 all custom 1000 w.bt.00.h.lammpstrj id type element x y z
dump_modify       1 element Si Ca O O H O H sort id
# fix               s all shake 0.0001 10 0 b 1 2 a 1 2

variable          T equal 100
velocity          all create ${T} 777
velocity          all create 100 777
thermo            1000
thermo_style      custom step temp etotal pe press vol                  cella cellb cellc cellalpha cellbeta cellgamma density

# equilibrium run  with short time step
minimize          1e-4 1e-6 30 1000
WARNING: Using 'neigh_modify every 1 delay 0 check yes' setting during minimization (../min.cpp:188)
Ewald initialization ...
  using 12-bit tables for long-range coulomb (../kspace.cpp:340)
  G vector (1/distance) = 0.255955
  estimated absolute RMS force accuracy = 0.0037083229
  estimated relative force accuracy = 1.1167504e-05
  KSpace vectors: actual max1d max3d = 1149 14 12194
                  kxmax kymax kzmax  = 6 8 14
Hybrid pair style last /omp style lj/cut/coul/long
Last active /omp style is kspace_style ewald/omp
Neighbor list info ...
  update every 1 steps, delay 0 steps, check yes
  max neighbors/atom: 2000, page size: 100000
  master list distance cutoff = 17
  ghost atom cutoff = 17
  binsize = 8.5, bins = 4 3 7
  4 neighbor lists, perpetual/occasional/extra = 4 0 0
  (1) pair coul/long, perpetual, skip from (4)
      attributes: half, newton on, omp
      pair build: skip/omp
      stencil: none
      bin: none
  (2) pair lj/cut/coul/long, perpetual, skip from (4)
      attributes: half, newton on, omp
      pair build: skip/omp
      stencil: none
      bin: none
  (3) pair lj/mdf, perpetual, copy from (1)
      attributes: half, newton on, omp
      pair build: copy
      stencil: none
      bin: none
  (4) neighbor class addition, perpetual
      attributes: half, newton on, omp
      pair build: half/bin/newton/tri/omp
      stencil: half/bin/3d/tri
      bin: standard
Per MPI rank memory allocation (min/avg/max) = 35.73 | 36.26 | 37.01 Mbytes
Step Temp TotEng PotEng Press Volume Cella Cellb Cellc CellAlpha CellBeta CellGamma Density 
       0          100   -84740.872   -85339.717    420843.84    21994.302      20.2056      22.2756    58.432518           90           90     123.2501    1.5237984 
      30          100    -124227.4   -124826.25    1727.2197    21994.302      20.2056      22.2756    58.432518           90           90     123.2501    1.5237984 
Loop time of 0.461001 on 5 procs for 30 steps with 2010 atoms

94.3% CPU use with 5 MPI tasks x 1 OpenMP threads

Minimization stats:
  Stopping criterion = max iterations
  Energy initial, next-to-last, final = 
     -85339.7172144718  -124718.031604908  -124826.248231473
  Force two-norm initial, final = 119931.09 431.54489
  Force max component initial, final = 23164.530 28.307464
  Final line search alpha, max atom move = 0.0013266393 0.037553794
  Iterations, force evaluations = 30 48

MPI task timing breakdown:
Section |  min time  |  avg time  |  max time  |%varavg| %total
---------------------------------------------------------------
Pair    | 0.15457    | 0.21933    | 0.3062     |  11.8 | 47.58
Bond    | 0.00022959 | 0.00043022 | 0.00057515 |   0.0 |  0.09
Kspace  | 0.12954    | 0.2048     | 0.25347    |  10.7 | 44.42
Neigh   | 0.012566   | 0.012572   | 0.012581   |   0.0 |  2.73
Comm    | 0.010762   | 0.022148   | 0.038483   |   6.3 |  4.80
Output  | 3.254e-05  | 3.4703e-05 | 4.2935e-05 |   0.0 |  0.01
Modify  | 0.00039873 | 0.00047721 | 0.00056428 |   0.0 |  0.10
Other   |            | 0.001208   |            |       |  0.26

Nlocal:        402.000 ave         465 max         333 min
Histogram: 1 0 0 0 2 0 0 1 0 1
Nghost:        12835.6 ave       13445 max       12057 min
Histogram: 2 0 0 0 0 0 0 0 1 2
Neighs:         0.00000 ave           0 max           0 min
Histogram: 5 0 0 0 0 0 0 0 0 0

Total # of neighbors = 0
Ave neighs/atom = 0.0000000
Ave special neighs/atom = 1.4895522
Neighbor list builds = 1
Dangerous builds = 0
timestep          0.01
fix               solution all npt temp  ${T} 300  1 aniso 1 1 10
fix               solution all npt temp  100 300  1 aniso 1 1 10
fix               c all recenter INIT INIT INIT
run               100000
Ewald initialization ...
  using 12-bit tables for long-range coulomb (../kspace.cpp:340)
  G vector (1/distance) = 0.255955
  estimated absolute RMS force accuracy = 0.0037083229
  estimated relative force accuracy = 1.1167504e-05
  KSpace vectors: actual max1d max3d = 1149 14 12194
                  kxmax kymax kzmax  = 6 8 14
Hybrid pair style last /omp style lj/cut/coul/long
Last active /omp style is kspace_style ewald/omp
Per MPI rank memory allocation (min/avg/max) = 34.62 | 35.18 | 36.02 Mbytes
Step Temp TotEng PotEng Press Volume Cella Cellb Cellc CellAlpha CellBeta CellGamma Density 
      30          100    -124227.4   -124826.25    1727.2197    21994.302      20.2056      22.2756    58.432518           90           90     123.2501    1.5237984 
    1000    103.94992   -124287.78   -124910.28    66.747001    22184.515    20.272926    21.961142    59.583247           90           90     123.2501    1.5107332 
    2000    101.23303   -124502.77      -125109    67.616064    22446.948    20.354551    21.868377     60.30104           90           90     123.2501    1.4930708 
    3000    106.89955   -124686.46   -125326.63    84.657897    22521.032    20.413426    21.875109    60.307005           90           90     123.2501    1.4881593 
    4000    112.35189   -124796.45   -125469.26   -11.434031     22411.78     20.41089    21.835671    60.130307           90           90     123.2501    1.4954137 
    5000    109.15467   -124915.97   -125569.64    152.14464    22332.412    20.275926    21.864975    60.235364           90           90     123.2501    1.5007283 
    6000    110.84866    -125009.2   -125673.01   -62.259473    22329.216    20.241776    21.903813    60.221383           90           90     123.2501    1.5009431 
    7000    113.63116    -125085.2   -125765.68    87.255656    22274.154    20.198381    22.013416    59.902203           90           90     123.2501    1.5046535 
    8000    112.78916   -125190.91   -125866.34    31.005761    22163.993    20.219032    21.980026    59.635524           90           90     123.2501     1.512132 
    9000     120.0626   -125241.56   -125960.55   -77.020639    22157.622    20.243513    21.997359    59.499362           90           90     123.2501    1.5125668 
   10000    117.20452   -125320.74   -126022.61    -7.391076    22233.787    20.312648     22.02124    59.436158           90           90     123.2501    1.5073852 
   11000    126.45013   -125339.41   -126096.65   -11.612278    22265.805     20.31333    22.025693    59.507716           90           90     123.2501    1.5052177 
   12000     119.6323   -125446.04   -126162.46   -168.19354    22184.731    20.327405    21.970885    59.397787           90           90     123.2501    1.5107185 
   13000    125.50742   -125453.52   -126205.11   -137.40031    22191.592    20.367636    21.957641    59.334559           90           90     123.2501    1.5102514 
   14000    129.56217   -125462.49   -126238.37    14.308969    22327.196    20.424479    22.007784    59.395354           90           90     123.2501    1.5010789 
   15000    134.78397   -125467.97   -126275.12    244.37652    22407.027    20.481106    22.037009    59.364083           90           90     123.2501    1.4957309 
   16000    135.53201   -125498.74   -126310.37    155.98801    22345.507    20.507358    22.009304    59.199735           90           90     123.2501    1.4998489 
   17000    135.83209   -125519.29   -126332.71    47.938665    22254.629    20.501535    22.012427    58.967352           90           90     123.2501    1.5059736 
   18000    133.94446   -125565.04   -126367.16    71.428881    22216.079    20.518056    22.020227    58.796977           90           90     123.2501    1.5085868 
   19000    136.40549   -125578.18   -126395.03   -237.74767    22244.263    20.576076    21.952371    58.887022           90           90     123.2501    1.5066754 
   20000    140.99182   -125545.17   -126389.49   -178.28891    22292.186    20.574594    22.013767    58.853542           90           90     123.2501    1.5034363 
   21000    145.41051   -125542.15   -126412.93    63.704447    22246.195    20.557271    22.063865    58.648144           90           90     123.2501    1.5065445 
   22000    147.27517   -125539.38   -126421.33    96.732847    22183.287    20.564585    21.993252    58.649196           90           90     123.2501    1.5108168 
   23000    147.00334   -125544.29   -126424.61    151.84356    22215.827    20.576543    22.031545    58.599069           90           90     123.2501    1.5086039 
   24000    155.57351   -125508.78   -126440.42  -0.90502165    22338.687    20.627555    22.022062    58.802731           90           90     123.2501    1.5003067 
   25000    148.72925   -125540.05    -126430.7    -230.2478     22390.39    20.651574    22.067489    58.749091           90           90     123.2501    1.4968423 
   26000    156.47656   -125485.48   -126422.53   -173.70325    22332.637     20.67605    22.072611     58.51461           90           90     123.2501    1.5007132 
   27000    149.45546   -125565.29    -126460.3   -147.85895    22217.853     20.64499    22.011041    58.464524           90           90     123.2501    1.5084663 
   28000    153.81146   -125528.46   -126449.55    300.30506    22101.959    20.611614    22.086487    58.054745           90           90     123.2501    1.5163761 
   29000    161.05236   -125487.12   -126451.58    100.91041    22045.823    20.604327    22.042187    58.044194           90           90     123.2501    1.5202373 
   30000    162.46499   -125490.98    -126463.9    155.57692    22056.096    20.600082    22.056986    58.044237           90           90     123.2501    1.5195293 
   31000     165.7895   -125475.65   -126468.47    -181.5235    22081.815    20.636542    22.003047    58.151457           90           90     123.2501    1.5177595 
   32000    167.21711    -125459.9   -126461.27   -210.36823     22038.43    20.598816     22.09167     57.91025           90           90     123.2501    1.5207473 
   33000    169.64666   -125465.31   -126481.23   -186.20398    21943.674    20.549383     22.07701    57.838347           90           90     123.2501    1.5273141 
   34000     166.9459   -125480.49   -126480.23    126.92376    21894.591    20.535572     22.09027    57.713126           90           90     123.2501     1.530738 
   35000    166.94196   -125467.67    -126467.4    182.18812     21880.22    20.568378    22.095469    57.569703           90           90     123.2501    1.5317434 
   36000    174.83183   -125393.66   -126440.64    255.55123    21868.601    20.603617    22.050067    57.558997           90           90     123.2501    1.5325572 
   37000    171.57859   -125385.76   -126413.25    60.149817    21890.099    20.545907    22.124067     57.58416           90           90     123.2501    1.5310521 
   38000    173.09038   -125390.87   -126427.41   -190.56084    21941.366    20.553546    22.122254    57.702296           90           90     123.2501    1.5274748 
   39000    180.72384   -125370.38   -126452.63   -282.70873    21930.869    20.465586    22.202503    57.713218           90           90     123.2501    1.5282059 
   40000    177.37844   -125372.11   -126434.33   -70.946889    21838.883    20.463035    22.078584     57.80092           90           90     123.2501    1.5346427 
   41000    182.45439   -125333.57   -126426.19    279.82072    21767.948    20.467378    22.133735    57.457425           90           90     123.2501    1.5396437 
   42000    187.04959   -125297.45   -126417.59    250.85293    21793.309    20.544016     22.11043    57.370184           90           90     123.2501     1.537852 
   43000    182.01447   -125297.05   -126387.03    61.432524    21880.357    20.541421     22.17826    57.430426           90           90     123.2501    1.5317338 
   44000    192.98449   -125204.11   -126359.78   -147.22175     21942.46    20.546837     22.19144    57.544051           90           90     123.2501    1.5273986 
   45000    191.87827   -125161.96   -126311.01   -318.88663    21968.594    20.580649    22.210328    57.469022           90           90     123.2501    1.5255816 
   46000    190.93543   -125158.25   -126301.66   -39.700753    21962.823    20.585426    22.257745    57.318223           90           90     123.2501    1.5259825 
   47000    198.47702   -125104.95   -126293.52    12.208785     21946.95    20.615792    22.191315    57.363639           90           90     123.2501    1.5270861 
   48000    196.44586   -125102.72   -126279.13    311.12169    21899.597    20.586084    22.236893    57.204983           90           90     123.2501    1.5303881 
   49000    198.32602   -125098.49   -126286.15    138.12312    21912.424    20.659876    22.203239    57.120495           90           90     123.2501    1.5294922 
   50000    197.94182    -125130.3   -126315.66   -29.591399    21957.749    20.702694    22.155902    57.242304           90           90     123.2501    1.5263351 
   51000    205.32585   -125054.91    -126284.5   -128.41902    21961.023     20.69321     22.20107    57.160547           90           90     123.2501    1.5261076 
   52000     199.0406   -125087.09   -126279.03   -184.41153     21915.61    20.688769    22.185664     57.09421           90           90     123.2501    1.5292699 
   53000    204.70371   -125041.49   -126267.34   -257.99561     21870.14    20.697275     22.14853    57.047824           90           90     123.2501    1.5324494 
   54000    207.39291   -125019.84    -126261.8    101.75017    21838.362    20.611612    22.217221    57.024825           90           90     123.2501    1.5346793 
   55000    213.99284   -124967.25   -126248.74    181.61313    21845.622    20.586694    22.181447    57.204937           90           90     123.2501    1.5341693 
   56000    210.10992   -124965.41   -126223.64    119.93252    21899.738    20.610288    22.133614    57.404787           90           90     123.2501    1.5303783 
   57000     221.6661   -124882.56      -126210   -7.7171273    21954.638    20.633954    22.181394    57.358868           90           90     123.2501    1.5265514 
   58000    219.90694   -124876.39   -126193.29   -159.53033    21930.485    20.672766     22.13106    57.318262           90           90     123.2501    1.5282327 
   59000    214.66424   -124882.82   -126168.33   -195.32724    21897.896     20.68044    22.071069    57.367356           90           90     123.2501     1.530507 
   60000    226.08088   -124805.76   -126159.64   -15.431406    21858.715    20.662184    22.096266    57.249951           90           90     123.2501    1.5332503 
   61000    221.40759   -124820.17   -126146.05    78.860254    21842.824    20.682477    22.123624    57.081522           90           90     123.2501    1.5343659 
   62000    222.05638   -124855.73    -126185.5    36.416438    21837.643     20.66732    22.089543    57.197946           90           90     123.2501    1.5347299 
   63000    235.66409   -124751.54    -126162.8    113.69008    21904.457    20.699145    22.122776    57.198682           90           90     123.2501    1.5300486 
   64000    224.98676   -124803.39   -126150.71     39.67246     21928.32    20.735199    22.096482    57.229452           90           90     123.2501    1.5283835 
   65000     229.5344   -124784.27   -126158.83   -122.93843    21899.532    20.766548    22.066906     57.14453           90           90     123.2501    1.5303927 
   66000     230.3083   -124786.54   -126165.73   -247.20008    21857.547    20.653639    22.111733    57.230516           90           90     123.2501    1.5333323 
   67000    225.49295   -124773.17   -126123.52   -73.769413    21864.442    20.682028    22.096563    57.209234           90           90     123.2501    1.5328487 
   68000    240.44075   -124657.85   -126097.72    17.824974    21918.703    20.683053    22.103576     57.33017           90           90     123.2501    1.5290541 
   69000    236.83918   -124654.88   -126073.18    122.47318    21939.152    20.685964    22.122676    57.326045           90           90     123.2501    1.5276289 
   70000    238.72089   -124639.01   -126068.58    183.11407    21933.047    20.669129    22.135377    57.323865           90           90     123.2501    1.5280541 
   71000    241.04999   -124640.28    -126083.8    73.353053    21891.161    20.714835    22.062415    57.276944           90           90     123.2501    1.5309779 
   72000    243.58146    -124594.6   -126053.27   -90.853104    21918.484    20.667797    22.104964    57.368316           90           90     123.2501    1.5290694 
   73000    244.90449   -124555.68   -126022.28   -197.90806    21984.678    20.683963    22.146852    57.387847           90           90     123.2501    1.5244655 
   74000    250.60711   -124521.72   -126022.46   -117.62784    22070.644    20.724566    22.129492    57.544486           90           90     123.2501    1.5185276 
   75000    251.50632   -124505.49   -126011.62   -88.122076    22086.202    20.753155    22.124788    57.517948           90           90     123.2501    1.5174579 
   76000     248.2555   -124479.53    -125966.2    70.508246    22069.697    20.736406    22.179302    57.380006           90           90     123.2501    1.5185928 
   77000     259.1972    -124394.7   -125946.89    157.22085    22037.924    20.796681    22.085887    57.372977           90           90     123.2501    1.5207822 
   78000    256.58813   -124402.51   -125939.08    110.75961    22004.233    20.770434    22.118339    57.273502           90           90     123.2501    1.5231107 
   79000    256.08862   -124403.63   -125937.21     91.31694    21940.387    20.694248    22.162797    57.202582           90           90     123.2501    1.5275429 
   80000    269.17003   -124266.76   -125878.67   -85.836663    21914.134     20.69742    22.111777    57.257192           90           90     123.2501    1.5293729 
   81000    257.42862   -124375.89   -125917.49   -56.821383    21905.884    20.682802    22.073291    57.375952           90           90     123.2501    1.5299489 
   82000    267.85413   -124306.28   -125910.32   -129.35133    21972.124    20.712938    22.100801    57.394186           90           90     123.2501    1.5253365 
   83000    270.20937   -124252.62   -125870.76   -71.780761    22013.554    20.693086    22.171774    57.373327           90           90     123.2501    1.5224658 
   84000    263.59592   -124247.89   -125826.42   -9.1691751    22021.791    20.723572    22.102977    57.488748           90           90     123.2501    1.5218963 
   85000    286.62672   -124115.07   -125831.52     27.27163    22062.003    20.728906    22.079611    57.639835           90           90     123.2501    1.5191224 
   86000    271.31949   -124197.61   -125822.39    57.729765    22134.978    20.686218    22.171301    57.710177           90           90     123.2501    1.5141141 
   87000    273.77511    -124203.8   -125843.29    66.653578    22174.602    20.673231    22.196832    57.783263           90           90     123.2501    1.5114086 
   88000    276.02834   -124186.45   -125839.43   -20.588925    22182.147    20.688358    22.135545    57.920583           90           90     123.2501    1.5108945 
   89000     267.5297    -124189.8   -125791.89   -54.432184    22169.304    20.653676    22.150241    57.945781           90           90     123.2501    1.5117697 
   90000    283.86296    -124069.5    -125769.4   -52.106922    22165.196    20.614655    22.189121    57.943003           90           90     123.2501    1.5120499 
   91000    282.81808   -124134.97   -125828.61   -27.367086    22195.908    20.632772    22.209959    57.917946           90           90     123.2501    1.5099578 
   92000    282.05116   -124146.89   -125835.94   -52.902493    22239.252    20.661146    22.174285    58.044585           90           90     123.2501    1.5070149 
   93000    292.29271   -124035.79   -125786.17    69.097692    22266.867    20.696686    22.142415    58.100369           90           90     123.2501    1.5051459 
   94000    285.33333   -124012.89   -125721.59    159.96611     22283.06    20.698534    22.176499    58.048079           90           90     123.2501    1.5040521 
   95000    287.23886   -123975.49    -125695.6     56.42059    22284.773     20.75913    22.165225    57.912525           90           90     123.2501    1.5039364 
   96000    295.43853   -123953.83   -125723.04    47.202148    22320.294    20.815606    22.188314    57.787263           90           90     123.2501    1.5015431 
   97000    292.26873   -123968.74   -125718.97   -1.4642967     22389.91    20.864622    22.162189    57.899491           90           90     123.2501    1.4968744 
   98000    293.46391   -123990.91    -125748.3   -104.49964     22421.15    20.823526    22.194866    58.009174           90           90     123.2501    1.4947887 
   99000    302.90848    -123885.9   -125699.85   -57.828691    22417.743    20.761044    22.222875    58.101592           90           90     123.2501    1.4950159 
  100000    296.46816   -123893.47   -125668.85   -102.04411    22401.304     20.68315    22.248691    58.210019           90           90     123.2501     1.496113 
  100030    296.26088   -123897.36    -125671.5     -97.8257    22403.478    20.679215    22.204009    58.343916           90           90     123.2501    1.4959679 
Loop time of 716.166 on 5 procs for 100000 steps with 2010 atoms

Performance: 0.121 ns/day, 198.935 hours/ns, 139.632 timesteps/s
94.3% CPU use with 5 MPI tasks x 1 OpenMP threads

MPI task timing breakdown:
Section |  min time  |  avg time  |  max time  |%varavg| %total
---------------------------------------------------------------
Pair    | 206.77     | 289.9      | 395.52     | 411.7 | 40.48
Bond    | 0.75118    | 1.2937     | 1.8534     |  38.4 |  0.18
Kspace  | 292.1      | 360.91     | 414.73     | 261.0 | 50.39
Neigh   | 0.71507    | 0.71539    | 0.71579    |   0.0 |  0.10
Comm    | 16.993     | 53.442     | 84.814     | 323.5 |  7.46
Output  | 0.073876   | 0.07424    | 0.075305   |   0.2 |  0.01
Modify  | 8.5597     | 9.4921     | 10.959     |  25.7 |  1.33
Other   |            | 0.3416     |            |       |  0.05

Nlocal:        402.000 ave         441 max         359 min
Histogram: 2 0 0 0 0 1 0 0 0 2
Nghost:        12926.8 ave       13337 max       12513 min
Histogram: 1 1 0 0 0 0 1 1 0 1
Neighs:         0.00000 ave           0 max           0 min
Histogram: 5 0 0 0 0 0 0 0 0 0

Total # of neighbors = 0
Ave neighs/atom = 0.0000000
Ave special neighs/atom = 1.4895522
Neighbor list builds = 57
Dangerous builds = 0
unfix             solution
write_restart     restart.*
System init for write_restart ...
Ewald initialization ...
  using 12-bit tables for long-range coulomb (../kspace.cpp:340)
  G vector (1/distance) = 0.25582994
  estimated absolute RMS force accuracy = 0.0036780277
  estimated relative force accuracy = 1.1076271e-05
  KSpace vectors: actual max1d max3d = 1102 14 12194
                  kxmax kymax kzmax  = 6 8 14
Hybrid pair style last /omp style lj/cut/coul/long
Last active /omp style is kspace_style ewald/omp

timestep          0.1
fix               solution all npt temp 300 300 10 aniso 1 1 100
run               100000
Ewald initialization ...
  using 12-bit tables for long-range coulomb (../kspace.cpp:340)
  G vector (1/distance) = 0.25582994
  estimated absolute RMS force accuracy = 0.0036780277
  estimated relative force accuracy = 1.1076271e-05
  KSpace vectors: actual max1d max3d = 1102 14 12194
                  kxmax kymax kzmax  = 6 8 14
Hybrid pair style last /omp style lj/cut/coul/long
Last active /omp style is kspace_style ewald/omp
WARNING: Fix recenter should come after all other integration fixes (../fix_recenter.cpp:133)
Per MPI rank memory allocation (min/avg/max) = 34.63 | 35.30 | 36.18 Mbytes
Step Temp TotEng PotEng Press Volume Cella Cellb Cellc CellAlpha CellBeta CellGamma Density 
  100030    296.26088   -123897.36    -125671.5    -97.86897    22403.478    20.679215    22.204009    58.343916           90           90     123.2501    1.4959679 
  101000    307.52761   -123737.52   -125579.13    1313.8955    22633.415     20.80505    22.163182    58.694148           90           90     123.2501    1.4807701 
  102000    306.52883    -123697.5   -125533.13   -811.68303    22805.292     20.68261    22.274474    59.192736           90           90     123.2501    1.4696099 
  103000    291.80035   -123767.31   -125514.75   -177.81287    22862.897    20.738654    22.070888    59.727795           90           90     123.2501    1.4659071 
  104000    291.68034   -123804.14   -125550.86   -542.84449    22935.718     20.63165    22.244033    59.759978           90           90     123.2501    1.4612528 
  105000    306.25683   -123656.29    -125490.3   -425.74035    23009.044    20.649537    22.163686    60.116245           90           90     123.2501    1.4565961 
  106000    299.54226   -123762.02   -125555.81    416.92298    23203.974      20.5784    22.194582    60.750434           90           90     123.2501    1.4443596 
  107000    302.76951   -123613.12   -125426.24   -1003.5796    23387.787    20.660375    22.151441    61.107503           90           90     123.2501    1.4330079 
  108000    300.83693   -123665.18   -125466.72   -418.40943    23319.882    20.684531    22.172767    60.800389           90           90     123.2501    1.4371807 
  109000    303.43828   -123680.21   -125497.34    62.870109     23421.54    20.777452    22.169638     60.80092           90           90     123.2501    1.4309428 
  110000     301.0317   -123748.87   -125551.59    -635.1968    23223.144    20.634035    22.151453    60.754747           90           90     123.2501    1.4431673 
  111000    295.68824   -123857.56   -125628.27    847.24132    23127.602    20.730852    22.160325    60.198117           90           90     123.2501    1.4491292 
  112000    307.12546   -123709.93   -125549.13   -755.37878    23141.933    20.681036    22.227626    60.197693           90           90     123.2501    1.4482318 
  113000    293.66996   -123802.95   -125561.58    -418.2583    23114.369    20.815603    22.192596     59.83159           90           90     123.2501    1.4499588 
  114000     299.2132    -123768.3   -125560.12    380.81045    22745.324     20.64775     22.26747     59.15536           90           90     123.2501    1.4734845 
  115000    297.56449   -123761.15    -125543.1   -89.378132    22833.761    20.793211    22.104319    59.405182           90           90     123.2501    1.4677776 
  116000    304.40648   -123704.67   -125527.59   -711.84852    22900.718    20.754681    22.148081    59.572046           90           90     123.2501    1.4634861 
  117000    299.90058   -123843.26    -125639.2   -1401.6283    22559.063    20.569824    22.181412    59.121694           90           90     123.2501    1.4856505 
  118000     292.9338   -123971.45   -125725.67   -315.92329    22474.788    20.671024    22.148102    58.700619           90           90     123.2501    1.4912213 
  119000     301.1636   -123774.83   -125578.34   -1216.0933    22749.238    20.737399     22.26578    58.914236           90           90     123.2501     1.473231 
  120000    304.54404   -123855.64   -125679.39   -889.03417    22646.736    20.615358    22.191208    59.194231           90           90     123.2501     1.479899 
  121000    289.82392   -123841.96   -125577.55   -553.31955    22496.947    20.532935    22.221708    58.957723           90           90     123.2501    1.4897525 
  122000    305.90435   -123796.33   -125628.23   -1680.3876    22662.528    20.703195    22.222435    58.901304           90           90     123.2501    1.4788678 
  123000    309.88779   -123856.01   -125711.76   -2276.1766    22603.179    20.750571    22.271477    58.483861           90           90     123.2501    1.4827509 
  124000    297.09764   -123929.42   -125708.58   -1146.4933    22424.553    20.574761    22.249725    58.574681           90           90     123.2501    1.4945619 
  125000    297.31815   -123931.78   -125712.25   -768.04625    22392.219     20.67822     22.23846    58.227058           90           90     123.2501      1.49672 
  126000    287.95637   -123960.07   -125684.49   -1041.7591    22518.745    20.723493     22.24719    58.405216           90           90     123.2501    1.4883104 
  127000    299.59413   -123857.12   -125651.22    -916.4264    22300.264    20.551317    22.238561    58.345754           90           90     123.2501    1.5028917 
  128000    299.75993   -123900.94   -125696.04   -1009.1274    22405.794    20.770962    22.189404    58.130447           90           90     123.2501    1.4958132 
  129000    293.20706   -123945.74   -125701.59   -1161.2242    22123.913    20.611617    22.240643    57.709606           90           90     123.2501    1.5148714 
  130000    295.30283   -123916.52   -125684.93    14.245725    22243.249    20.556052    22.228871    58.208536           90           90     123.2501    1.5067441 
  131000    307.30582   -123850.52   -125690.81   -756.40835     22495.54     20.68177    22.188678    58.616902           90           90     123.2501    1.4898457 
  132000    294.98519   -123968.31   -125734.81    412.32497    22160.793    20.628637    22.241037    57.757092           90           90     123.2501    1.5123503 
  133000    302.40111   -123917.87   -125728.78   -1097.9606    22391.256    20.664829    22.288273    58.132075           90           90     123.2501    1.4967844 
  134000    298.83986   -123920.23   -125709.81    390.22509    22268.147    20.562689    22.273202     58.13894           90           90     123.2501    1.5050593 
  135000    297.17562   -123899.97   -125679.59      -496.48    22440.431    20.679411     22.25845    58.296663           90           90     123.2501    1.4935044 
  136000    289.39508   -123935.12   -125668.14   -528.15709    22345.576    20.607554    22.254741     58.26237           90           90     123.2501    1.4998442 
  137000    297.65868   -123888.85   -125671.37   -923.79158    22500.394    20.690812    22.231744    58.490406           90           90     123.2501    1.4895243 
  138000    297.32458   -124049.72   -125830.23    498.16516    22243.406    20.621893    22.242112    57.988559           90           90     123.2501    1.5067334 
  139000    303.21906    -123992.3   -125808.11   -686.90369    22221.028    20.671629    22.223236    57.839923           90           90     123.2501    1.5082508 
  140000     295.6752   -124014.65   -125785.29     168.9278    22211.148    20.674623    22.196409    57.875701           90           90     123.2501    1.5089217 
  141000    304.48019   -123897.81   -125721.17    427.49498    22384.717    20.733383    22.268233    57.975068           90           90     123.2501    1.4972216 
  142000    314.00426   -123972.62   -125853.02    452.08998    22304.995    20.724942    22.128794    58.156283           90           90     123.2501     1.502573 
  143000    305.08751   -123919.32   -125746.32   -332.36491    22463.619    20.726704    22.254643    58.233706           90           90     123.2501    1.4919628 
  144000    297.16016   -124033.87    -125813.4    715.71144    22359.954    20.604743    22.236867    58.354679           90           90     123.2501    1.4988798 
  145000    295.01439    -123991.2   -125757.88    567.75742    22437.598    20.577995    22.272557    58.539472           90           90     123.2501     1.493693 
  146000    303.27041   -123956.21   -125772.33    2257.3832    22211.556    20.686019    22.187521    57.868056           90           90     123.2501     1.508894 
  147000    306.79446   -123977.48    -125814.7    1084.9921    22269.641    20.554553    22.296121    58.106064           90           90     123.2501    1.5049584 
  148000    313.32069   -123916.79    -125793.1    1038.3725    22169.955    20.670177    22.267988    57.595058           90           90     123.2501    1.5117254 
  149000    295.22175   -124054.51   -125822.43    420.17314    22249.214    20.746536    22.205782    57.749547           90           90     123.2501    1.5063401 
  150000     300.2855    -123970.2   -125768.45   -367.63478    22204.831    20.750839    22.230555    57.558185           90           90     123.2501     1.509351 
  151000    291.91384   -124090.18    -125838.3     168.8086    22179.426    20.666162    22.252236    57.671655           90           90     123.2501    1.5110798 
  152000    300.62757   -124082.15   -125882.44    721.28955    22011.569    20.625101    22.227318    57.413424           90           90     123.2501    1.5226031 
  153000    309.42485   -123971.52   -125824.49   -1163.0549    22026.905    20.669963    22.198908    57.402095           90           90     123.2501     1.521543 
  154000    307.52529   -123952.24   -125793.84    1130.6104     22019.97    20.633753    22.270881    57.298953           90           90     123.2501    1.5220222 
  155000     291.4225   -124030.05   -125775.21    492.88921    22115.984    20.669704    22.317665    57.328272           90           90     123.2501    1.5154145 
  156000     302.6266   -123952.82   -125765.09   -1096.6034    22080.656    20.611339    22.312206    57.412812           90           90     123.2501    1.5178391 
  157000     302.0188   -123968.41   -125777.03    525.69671    22094.743    20.585396    22.333618    57.466695           90           90     123.2501    1.5168714 
  158000    301.82473   -124015.54      -125823   -151.55077    22090.234    20.732573    22.189689    57.417129           90           90     123.2501     1.517181 
  159000    303.11465   -123960.83   -125776.02   -441.53776     22167.92     20.67841    22.352265    57.349792           90           90     123.2501    1.5118641 
  160000    295.57336   -124006.87   -125776.89    138.63727    22189.065    20.640069    22.297834    57.651519           90           90     123.2501    1.5104234 
  161000    302.80192   -124029.07   -125842.39    -373.4802    22089.058    20.629337    22.236892    57.578908           90           90     123.2501    1.5172618 
  162000    304.41965    -124024.6    -125847.6   -706.22557    22148.134    20.637339    22.219837    57.754809           90           90     123.2501    1.5132147 
  163000    307.77338   -123927.65   -125770.74    79.481009    22167.159    20.620457    22.145905     58.04488           90           90     123.2501     1.511916 
  164000    299.27035   -123961.18   -125753.34    493.06145    22250.556    20.736284    22.207623    57.776794           90           90     123.2501    1.5062493 
  165000    293.46283   -124066.36   -125823.75    440.95591    22204.088    20.483189    22.286587    58.161739           90           90     123.2501    1.5094015 
  166000    289.43707   -124025.56   -125758.84   -229.30194    22303.469    20.588011    20.325486    58.166491           90           90    66.393002    1.5026758 
  167000    300.12257   -123918.39   -125715.66   -88.037559    22388.002    20.563262     20.33244    58.437227           90           90    66.393002    1.4970019 
  168000    301.66388   -123907.23   -125713.73   -771.68273    22371.106    20.620853    20.214043      58.5711           90           90    66.393002    1.4981326 
  169000    304.09386   -123882.78   -125703.83   -1001.7868    22445.398    20.534016    20.209719    59.026754           90           90    66.393002    1.4931739 
  170000    306.77841   -123864.23   -125701.36    46.611243    22557.831    20.588557    20.212572    59.156929           90           90    66.393002    1.4857316 
  171000    305.80912   -123902.99   -125734.31   -235.57579    22493.289    20.584855    20.332696    58.649721           90           90    66.393002    1.4899947 
  172000    297.79817   -124003.48   -125786.83   -643.45114    22616.106    20.593469    20.255115    59.171062           90           90    66.393002    1.4819033 
  173000    308.78353   -123906.17   -125755.31   -168.30726    22493.605    20.563854    20.205123    59.081131           90           90    66.393002    1.4899739 
  174000    303.57427   -123927.91   -125745.85   -508.68645    22586.817    20.581256    20.238677    59.177525           90           90    66.393002     1.483825 
  175000    306.75828    -123899.4   -125736.41   -16.330778    22488.717    20.663519    20.308345    58.484613           90           90    66.393002    1.4902977 
  176000    291.79266   -124035.85   -125783.24   -1113.6011    22388.182    20.715939    20.172074    58.468161           90           90    66.393002    1.4969899 
  177000    303.63058   -123927.02    -125745.3    180.18456    22279.117     20.66357    20.104757    58.526095           90           90    66.393002    1.5043182 
  178000    297.04579      -124078   -125856.84    788.61996    22277.304    20.539024     20.31431    58.268859           90           90    66.393002    1.5044407 
  179000    301.56057   -123991.58   -125797.46   -406.98599    22355.289    20.616293     20.35742    58.130323           90           90    66.393002    1.4991926 
  180000    304.98388   -123937.01   -125763.39    209.04696    22268.606    20.652884    20.279452    58.024562           90           90    66.393002    1.5050284 
  181000    288.37913    -124024.2   -125751.15    577.49513    22244.647    20.607524     20.36214    57.853821           90           90    66.393002    1.5066494 
  182000    300.18201   -123978.56   -125776.18    899.68364     21992.84    20.623693    20.248241    57.475575           90           90    66.393002    1.5238997 
  183000    290.47098   -123982.81   -125722.28    2159.6318    21963.949    20.629164    20.290129    57.266382           90           90    66.393002    1.5259042 
  184000    312.66804   -123901.27   -125773.66    723.63035    21980.113    20.555687    20.237312    57.663484           90           90    66.393002    1.5247821 
  185000    301.82558   -123973.63    -125781.1    332.17426      22100.5    20.679223     20.20024    57.738713           90           90    66.393002    1.5164763 
  186000    307.99505   -123868.01   -125712.43     471.1774    22307.697    20.674132    20.279074    58.067763           90           90    66.393002     1.502391 
  187000    286.46125      -124064   -125779.45   -55.149188    22143.129    20.682753    20.323871    57.488368           90           90    66.393002    1.5135568 
  188000    298.41889   -123967.37   -125754.44    852.68686    22202.944    20.593984    20.235339    58.145413           90           90    66.393002    1.5094793 
  189000    304.20252      -123936    -125757.7    1176.0376    22188.673     20.61163    20.275899    57.942154           90           90    66.393002    1.5104501 
  190000    297.92147   -123973.56   -125757.65     993.6225    22180.303    20.700652    20.151442    58.027399           90           90    66.393002    1.5110201 
  191000    298.09025   -123950.49   -125735.59    2379.5429    22155.174    20.630212     20.26387    57.836877           90           90    66.393002    1.5127339 
  192000    304.08586   -123931.34   -125752.34    1514.3153    22256.381    20.654473    20.262101    58.037904           90           90    66.393002     1.505855 
  193000    292.62458   -123970.78   -125723.14    1516.4532    22400.046    20.693968    20.112804    58.733824           90           90    66.393002    1.4961971 
  194000    319.29936   -123872.91   -125785.02    1422.7264    22371.216    20.585081    20.234537     58.61375           90           90    66.393002    1.4981252 
  195000    299.61837   -124001.97   -125796.22    1501.5817    22132.592    20.497802    20.191926    58.358348           90           90    66.393002    1.5142774 
  196000    310.12229   -123941.65    -125798.8    982.84768    22317.485    20.486348    20.431443    58.188535           90           90    66.393002    1.5017321 
  197000    298.21513   -124056.01   -125841.86    735.32802    22262.909     20.65018    20.219073    58.190567           90           90    66.393002    1.5054135 
  198000    312.45585   -124037.37    -125908.5   -114.97188    22275.892    20.627547    20.254653    58.185997           90           90    66.393002     1.504536 
  199000    298.14497   -124166.75   -125952.18    670.02827    22181.198    20.481091    20.366991      58.0311           90           90    66.393002    1.5109591 
  200000     290.7067    -124110.3   -125851.18    1413.0794    22105.777    20.537214    20.279836    57.923605           90           90    66.393002    1.5161142 
  200030    291.64214    -124106.1   -125852.59     813.6961    22129.193    20.527496    20.285136    57.997254           90           90    66.393002      1.51451 
Loop time of 678.482 on 5 procs for 100000 steps with 2010 atoms

Performance: 1.273 ns/day, 18.847 hours/ns, 147.388 timesteps/s
95.5% CPU use with 5 MPI tasks x 1 OpenMP threads

MPI task timing breakdown:
Section |  min time  |  avg time  |  max time  |%varavg| %total
---------------------------------------------------------------
Pair    | 211.52     | 289.44     | 362.95     | 365.8 | 42.66
Bond    | 0.8169     | 1.3584     | 1.8951     |  37.6 |  0.20
Kspace  | 277.19     | 328.27     | 378.63     | 232.1 | 48.38
Neigh   | 7.0215     | 7.0241     | 7.0267     |   0.1 |  1.04
Comm    | 19.29      | 42.777     | 71.287     | 336.0 |  6.30
Output  | 0.075486   | 0.075887   | 0.077078   |   0.2 |  0.01
Modify  | 8.6571     | 9.0652     | 9.9612     |  16.3 |  1.34
Other   |            | 0.4691     |            |       |  0.07

Nlocal:        402.000 ave         445 max         350 min
Histogram: 2 0 0 0 0 0 0 1 0 2
Nghost:        12272.2 ave       12693 max       11858 min
Histogram: 2 0 0 0 0 0 2 0 0 1
Neighs:         0.00000 ave           0 max           0 min
Histogram: 5 0 0 0 0 0 0 0 0 0

Total # of neighbors = 0
Ave neighs/atom = 0.0000000
Ave special neighs/atom = 1.4895522
Neighbor list builds = 584
Dangerous builds = 0

write_data        compute_w.bt.00.h.data
System init for write_data ...
Ewald initialization ...
  using 12-bit tables for long-range coulomb (../kspace.cpp:340)
  G vector (1/distance) = 0.25591352
  estimated absolute RMS force accuracy = 0.0036384486
  estimated relative force accuracy = 1.095708e-05
  KSpace vectors: actual max1d max3d = 1102 14 12194
                  kxmax kymax kzmax  = 6 7 14
Hybrid pair style last /omp style lj/cut/coul/long
Last active /omp style is kspace_style ewald/omp
WARNING: Fix recenter should come after all other integration fixes (../fix_recenter.cpp:133)
write_restart     restart.*
System init for write_restart ...
Ewald initialization ...
  using 12-bit tables for long-range coulomb (../kspace.cpp:340)
  G vector (1/distance) = 0.25591352
  estimated absolute RMS force accuracy = 0.0036384486
  estimated relative force accuracy = 1.095708e-05
  KSpace vectors: actual max1d max3d = 1102 14 12194
                  kxmax kymax kzmax  = 6 7 14
Hybrid pair style last /omp style lj/cut/coul/long
Last active /omp style is kspace_style ewald/omp
WARNING: Fix recenter should come after all other integration fixes (../fix_recenter.cpp:133)
Total wall time: 0:23:15
